ERC report (2026-07-18T19:33:32-0400, Encoding UTF8)

***** Sheet /
[endpoint_off_grid]: Symbol pin or wire end off connection grid
    ; warning
    @(67.54 mm, 120.55 mm): Horizontal Wire, length 5.08 mm
[endpoint_off_grid]: Symbol pin or wire end off connection grid
    ; warning
    @(67.54 mm, 123.09 mm): Horizontal Wire, length 5.08 mm
[wire_dangling]: Wires not connected to anything
    ; error
    @(67.54 mm, 123.09 mm): Horizontal Wire, length 5.08 mm
    @(72.62 mm, 123.09 mm): Horizontal Wire, length 2.69 mm
[endpoint_off_grid]: Symbol pin or wire end off connection grid
    ; warning
    @(72.62 mm, 120.55 mm): Symbol #PWR001 Pin 1 [Power input, Line]
[lib_symbol_issues]: The current configuration does not include the symbol library ''
    ; warning
    @(72.62 mm, 120.55 mm): Symbol #PWR001 [GND]
[endpoint_off_grid]: Symbol pin or wire end off connection grid
    ; warning
    @(67.54 mm, 125.63 mm): Horizontal Wire, length 5.08 mm
[endpoint_off_grid]: Symbol pin or wire end off connection grid
    ; warning
    @(72.62 mm, 123.09 mm): Horizontal Wire, length 2.69 mm
[endpoint_off_grid]: Symbol pin or wire end off connection grid
    ; warning
    @(75.31 mm, 123.09 mm): Symbol FB_PWR Pin 1 [1, Passive, Line]
[endpoint_off_grid]: Symbol pin or wire end off connection grid
    ; warning
    @(67.54 mm, 128.17 mm): Horizontal Wire, length 5.08 mm
[endpoint_off_grid]: Symbol pin or wire end off connection grid
    ; warning
    @(72.62 mm, 125.63 mm): Symbol #PWR003 Pin 1 [Power input, Line]
[lib_symbol_issues]: The current configuration does not include the symbol library ''
    ; warning
    @(72.62 mm, 125.63 mm): Symbol #PWR003 [+3V3]
[lib_symbol_issues]: The current configuration does not include the symbol library ''
    ; warning
    @(80.39 mm, 123.09 mm): Symbol FB_PWR [Ferrite_Bead]
[endpoint_off_grid]: Symbol pin or wire end off connection grid
    ; warning
    @(72.62 mm, 128.17 mm): Symbol #PWR004 Pin 1 [Power input, Line]
[lib_symbol_issues]: The current configuration does not include the symbol library ''
    ; warning
    @(72.62 mm, 128.17 mm): Symbol #PWR004 [+3V3]
[endpoint_off_grid]: Symbol pin or wire end off connection grid
    ; warning
    @(85.47 mm, 123.09 mm): Horizontal Wire, length 2.70 mm
[endpoint_off_grid]: Symbol pin or wire end off connection grid
    ; warning
    @(88.17 mm, 123.09 mm): Symbol #PWR0F4 Pin 1 [Power input, Line]
[lib_symbol_issues]: The current configuration does not include the symbol library ''
    ; warning
    @(88.17 mm, 123.09 mm): Symbol #PWR0F4 [+5V]
[lib_symbol_issues]: The current configuration does not include the symbol library ''
    ; warning
    @(65.00 mm, 165.00 mm): Symbol PB2-P1 [Conn_36]
[global_label_dangling]: Global label not connected anywhere else in the schematic
    ; warning
    @(67.54 mm, 166.27 mm): Global Label 'UART_SIK_TX'
[global_label_dangling]: Global label not connected anywhere else in the schematic
    ; warning
    @(67.54 mm, 168.81 mm): Global Label 'UART_SIK_RX'
[pin_not_connected]: Pin not connected
    ; error
    @(197.30 mm, 63.65 mm): Symbol LORA Pin 14 [RESET, Input, Line]
[power_pin_not_driven]: Input Power pin not driven by any Output Power pins
    ; error
    @(197.30 mm, 76.35 mm): Symbol LORA Pin 2 [GND, Power input, Line]
[endpoint_off_grid]: Symbol pin or wire end off connection grid
    ; warning
    @(197.30 mm, 78.89 mm): Symbol LORA Pin 1 [VCC, Power input, Line]
[pin_not_connected]: Pin not connected
    ; error
    @(197.30 mm, 78.89 mm): Symbol LORA Pin 1 [VCC, Power input, Line]
[endpoint_off_grid]: Symbol pin or wire end off connection grid
    ; warning
    @(67.54 mm, 206.91 mm): Horizontal Wire, length 5.08 mm
[endpoint_off_grid]: Symbol pin or wire end off connection grid
    ; warning
    @(72.62 mm, 206.91 mm): Symbol #PWR005 Pin 1 [Power input, Line]
[lib_symbol_issues]: The current configuration does not include the symbol library ''
    ; warning
    @(72.62 mm, 206.91 mm): Symbol #PWR005 [GND]
[endpoint_off_grid]: Symbol pin or wire end off connection grid
    ; warning
    @(67.54 mm, 209.45 mm): Symbol PB2-P1 Pin 1 [P1, Passive, Line]
[endpoint_off_grid]: Symbol pin or wire end off connection grid
    ; warning
    @(67.54 mm, 209.45 mm): Horizontal Wire, length 5.08 mm
[lib_symbol_issues]: The current configuration does not include the symbol library ''
    ; warning
    @(210.00 mm, 70.00 mm): Symbol LORA [RFM95W]
[endpoint_off_grid]: Symbol pin or wire end off connection grid
    ; warning
    @(72.62 mm, 209.45 mm): Symbol #PWR006 Pin 1 [Power input, Line]
[lib_symbol_issues]: The current configuration does not include the symbol library ''
    ; warning
    @(72.62 mm, 209.45 mm): Symbol #PWR006 [GND]
[global_label_dangling]: Global label not connected anywhere else in the schematic
    ; warning
    @(222.70 mm, 64.92 mm): Global Label 'LORA_DIO0'
[pin_not_connected]: Pin not connected
    ; error
    @(222.70 mm, 67.46 mm): Symbol LORA Pin 15 [ANT, Bidirectional, Line]
[pin_not_connected]: Pin not connected
    ; error
    @(222.70 mm, 70.00 mm): Symbol LORA Pin 7 [DIO2, Output, Line]
[pin_not_connected]: Pin not connected
    ; error
    @(222.70 mm, 75.08 mm): Symbol LORA Pin 9 [DIO0, Output, Line]
[endpoint_off_grid]: Symbol pin or wire end off connection grid
    ; warning
    @(197.30 mm, 163.65 mm): Symbol CAN-TR Pin 1 [GND1, Power input, Line]
[pin_not_connected]: Pin not connected
    ; error
    @(197.30 mm, 163.65 mm): Symbol CAN-TR Pin 1 [GND1, Power input, Line]
[endpoint_off_grid]: Symbol pin or wire end off connection grid
    ; warning
    @(197.30 mm, 164.92 mm): Symbol #PWR0B1 Pin 1 [Power input, Line]
[lib_symbol_issues]: The current configuration does not include the symbol library ''
    ; warning
    @(197.30 mm, 164.92 mm): Symbol #PWR0B1 [+3V3]
[pin_not_connected]: Pin not connected
    ; error
    @(197.30 mm, 164.92 mm): Symbol #PWR0B1 Pin 1 [Power input, Line]
[power_pin_not_driven]: Input Power pin not driven by any Output Power pins
    ; error
    @(197.30 mm, 164.92 mm): Symbol #PWR0B1 Pin 1 [Power input, Line]
[pin_not_connected]: Pin not connected
    ; error
    @(197.30 mm, 166.19 mm): Symbol CAN-TR Pin 4 [RXD, Output, Line]
[global_label_dangling]: Global label not connected anywhere else in the schematic
    ; warning
    @(197.30 mm, 173.81 mm): Global Label 'MCAN1_RX'
[pin_not_connected]: Pin not connected
    ; error
    @(197.30 mm, 175.08 mm): Symbol CAN-TR Pin 6 [VCC1, Power input, Line]
[endpoint_off_grid]: Symbol pin or wire end off connection grid
    ; warning
    @(197.30 mm, 176.35 mm): Symbol #PWR0B2 Pin 1 [Power input, Line]
[lib_symbol_issues]: The current configuration does not include the symbol library ''
    ; warning
    @(197.30 mm, 176.35 mm): Symbol #PWR0B2 [GND]
[pin_not_connected]: Pin not connected
    ; error
    @(197.30 mm, 176.35 mm): Symbol #PWR0B2 Pin 1 [Power input, Line]
[power_pin_not_driven]: Input Power pin not driven by any Output Power pins
    ; error
    @(197.30 mm, 176.35 mm): Symbol #PWR0B2 Pin 1 [Power input, Line]
[lib_symbol_issues]: The current configuration does not include the symbol library ''
    ; warning
    @(210.00 mm, 170.00 mm): Symbol CAN-TR [ISOW1044BDFMR]
[global_label_dangling]: Global label not connected anywhere else in the schematic
    ; warning
    @(267.30 mm, 68.57 mm): Global Label 'SDIO_D1'
[endpoint_off_grid]: Symbol pin or wire end off connection grid
    ; warning
    @(219.92 mm, 167.46 mm): Vertical Wire, length 3.81 mm
[global_label_dangling]: Global label not connected anywhere else in the schematic
    ; warning
    @(267.30 mm, 71.11 mm): Global Label 'SD_CD_DAT3'
[endpoint_off_grid]: Symbol pin or wire end off connection grid
    ; warning
    @(222.70 mm, 164.92 mm): Symbol #PWR0B3 Pin 1 [Power input, Line]
[lib_symbol_issues]: The current configuration does not include the symbol library ''
    ; warning
    @(222.70 mm, 164.92 mm): Symbol #PWR0B3 [+3V3]
[pin_not_connected]: Pin not connected
    ; error
    @(222.70 mm, 164.92 mm): Symbol #PWR0B3 Pin 1 [Power input, Line]
[endpoint_off_grid]: Symbol pin or wire end off connection grid
    ; warning
    @(219.92 mm, 168.73 mm): Symbol CMC_CAN Pin 1 [L1A, Passive, Line]
[pin_not_connected]: Pin not connected
    ; error
    @(267.30 mm, 76.19 mm): Symbol J_SD Pin 7 [DAT0, Bidirectional, Line]
[endpoint_off_grid]: Symbol pin or wire end off connection grid
    ; warning
    @(219.92 mm, 170.00 mm): Vertical Wire, length 1.27 mm
[endpoint_off_grid]: Symbol pin or wire end off connection grid
    ; warning
    @(222.70 mm, 167.46 mm): Horizontal Wire, length 2.78 mm
[wire_dangling]: Wires not connected to anything
    ; error
    @(222.70 mm, 167.46 mm): Horizontal Wire, length 2.78 mm
    @(219.92 mm, 167.46 mm): Vertical Wire, length 3.81 mm
[power_pin_not_driven]: Input Power pin not driven by any Output Power pins
    ; error
    @(267.30 mm, 78.73 mm): Symbol J_SD Pin 6 [GND, Power input, Line]
[pin_not_connected]: Pin not connected
    ; error
    @(267.30 mm, 81.27 mm): Symbol J_SD Pin 5 [CLK, Input, Line]
[power_pin_not_driven]: Input Power pin not driven by any Output Power pins
    ; error
    @(267.30 mm, 83.81 mm): Symbol J_SD Pin 4 [VDD, Power input, Line]
[endpoint_off_grid]: Symbol pin or wire end off connection grid
    ; warning
    @(222.70 mm, 170.00 mm): Horizontal Wire, length 2.78 mm
[wire_dangling]: Wires not connected to anything
    ; error
    @(222.70 mm, 170.00 mm): Horizontal Wire, length 2.78 mm
    @(219.92 mm, 170.00 mm): Vertical Wire, length 1.27 mm
[global_label_dangling]: Global label not connected anywhere else in the schematic
    ; warning
    @(267.30 mm, 88.89 mm): Global Label 'SD_CD'
[endpoint_off_grid]: Symbol pin or wire end off connection grid
    ; warning
    @(222.70 mm, 172.54 mm): Symbol #PWR0B4 Pin 1 [Power input, Line]
[lib_symbol_issues]: The current configuration does not include the symbol library ''
    ; warning
    @(222.70 mm, 172.54 mm): Symbol #PWR0B4 [GND]
[lib_symbol_issues]: The current configuration does not include the symbol library ''
    ; warning
    @(225.00 mm, 170.00 mm): Symbol CMC_CAN [SRF2012]
[endpoint_off_grid]: Symbol pin or wire end off connection grid
    ; warning
    @(267.30 mm, 91.43 mm): Symbol J_SD Pin 1 [DAT2, Bidirectional, Line]
[pin_not_connected]: Pin not connected
    ; error
    @(267.30 mm, 91.43 mm): Symbol J_SD Pin 1 [DAT2, Bidirectional, Line]
[pin_not_connected]: Pin not connected
    ; error
    @(222.70 mm, 175.08 mm): Symbol CAN-TR Pin 11 [VCC2, Power output, Line]
[endpoint_off_grid]: Symbol pin or wire end off connection grid
    ; warning
    @(230.00 mm, 178.19 mm): Symbol X2Y_CAN Pin 1 [+, Passive, Line]
[endpoint_off_grid]: Symbol pin or wire end off connection grid
    ; warning
    @(230.00 mm, 178.19 mm): Symbol #PWR0FA1 Pin 1 [Power input, Line]
[lib_symbol_issues]: The current configuration does not include the symbol library ''
    ; warning
    @(230.00 mm, 178.19 mm): Symbol #PWR0FA1 [GND]
[lib_symbol_issues]: The current configuration does not include the symbol library ''
    ; warning
    @(280.00 mm, 80.00 mm): Symbol J_SD [MicroSD]
[lib_symbol_issues]: The current configuration does not include the symbol library ''
    ; warning
    @(230.00 mm, 182.00 mm): Symbol X2Y_CAN [X2Y_4N7]
[endpoint_off_grid]: Symbol pin or wire end off connection grid
    ; warning
    @(230.00 mm, 185.81 mm): Symbol #PWR0FA2 Pin 1 [Power input, Line]
[lib_symbol_issues]: The current configuration does not include the symbol library ''
    ; warning
    @(230.00 mm, 185.81 mm): Symbol #PWR0FA2 [GND]
[endpoint_off_grid]: Symbol pin or wire end off connection grid
    ; warning
    @(239.92 mm, 173.73 mm): Symbol D_CAN Pin 1 [A1, Passive, Line]
[pin_not_connected]: Pin not connected
    ; error
    @(245.00 mm, 169.92 mm): Symbol D_CAN Pin 6 [GND, Power input, Line]
[lib_symbol_issues]: The current configuration does not include the symbol library ''
    ; warning
    @(245.00 mm, 175.00 mm): Symbol D_CAN [PRTR5V0U2X]
[endpoint_off_grid]: Symbol pin or wire end off connection grid
    ; warning
    @(245.00 mm, 180.08 mm): Symbol #PWR0F1 Pin 1 [Power input, Line]
[lib_symbol_issues]: The current configuration does not include the symbol library ''
    ; warning
    @(245.00 mm, 180.08 mm): Symbol #PWR0F1 [GND]
[pin_not_connected]: Pin not connected
    ; error
    @(245.00 mm, 180.08 mm): Symbol #PWR0F1 Pin 1 [Power input, Line]
[pin_not_connected]: Pin not connected
    ; error
    @(197.30 mm, 264.84 mm): Symbol 1553-DRV Pin 13 [4OE_N, Input, Line]
[pin_not_connected]: Pin not connected
    ; error
    @(327.30 mm, 71.11 mm): Symbol WIFI-BT Pin 9 [WL_EN, Input, Line]
[pin_not_connected]: Pin not connected
    ; error
    @(197.30 mm, 272.46 mm): Symbol 1553-DRV Pin 3 [1OE_N, Input, Line]
[pin_not_connected]: Pin not connected
    ; error
    @(197.30 mm, 275.00 mm): Symbol 1553-DRV Pin 12 [4A, Input, Line]
[global_label_dangling]: Global label not connected anywhere else in the schematic
    ; warning
    @(327.30 mm, 88.89 mm): Global Label 'WL_EN'
[power_pin_not_driven]: Input Power pin not driven by any Output Power pins
    ; error
    @(327.30 mm, 88.89 mm): Symbol WIFI-BT Pin 2 [GND, Power input, Line]
[endpoint_off_grid]: Symbol pin or wire end off connection grid
    ; warning
    @(327.30 mm, 91.43 mm): Symbol WIFI-BT Pin 1 [VCC, Power input, Line]
[pin_not_connected]: Pin not connected
    ; error
    @(327.30 mm, 91.43 mm): Symbol WIFI-BT Pin 1 [VCC, Power input, Line]
[pin_not_connected]: Pin not connected
    ; error
    @(197.30 mm, 277.54 mm): Symbol 1553-DRV Pin 9 [3A, Input, Line]
[pin_not_connected]: Pin not connected
    ; error
    @(197.30 mm, 280.08 mm): Symbol 1553-DRV Pin 5 [2A, Input, Line]
[pin_not_connected]: Pin not connected
    ; error
    @(197.30 mm, 282.62 mm): Symbol 1553-DRV Pin 2 [1A, Input, Line]
[lib_symbol_issues]: The current configuration does not include the symbol library ''
    ; warning
    @(210.00 mm, 275.00 mm): Symbol 1553-DRV [DS26LV31]
[global_label_dangling]: Global label not connected anywhere else in the schematic
    ; warning
    @(222.70 mm, 264.84 mm): Global Label 'M1553_TX_P'
[pin_not_connected]: Pin not connected
    ; error
    @(197.30 mm, 285.16 mm): Symbol 1553-DRV Pin 8 [GND, Power input, Line]
[pin_not_connected]: Pin not connected
    ; error
    @(222.70 mm, 267.38 mm): Symbol 1553-DRV Pin 8 [4Y-, Output, Line]
[endpoint_off_grid]: Symbol pin or wire end off connection grid
    ; warning
    @(197.30 mm, 287.70 mm): Symbol 1553-DRV Pin 16 [VCC, Power input, Line]
[pin_not_connected]: Pin not connected
    ; error
    @(197.30 mm, 287.70 mm): Symbol 1553-DRV Pin 16 [VCC, Power input, Line]
[lib_symbol_issues]: The current configuration does not include the symbol library ''
    ; warning
    @(340.00 mm, 80.00 mm): Symbol WIFI-BT [WL1837MOD]
[global_label_dangling]: Global label not connected anywhere else in the schematic
    ; warning
    @(222.70 mm, 269.92 mm): Global Label 'M1553_TX_N'
[pin_not_connected]: Pin not connected
    ; error
    @(222.70 mm, 272.46 mm): Symbol 1553-DRV Pin 1 [3Y-, Output, Line]
[pin_not_connected]: Pin not connected
    ; error
    @(222.70 mm, 275.00 mm): Symbol 1553-DRV Pin 11 [3Y+, Output, Line]
[pin_not_connected]: Pin not connected
    ; error
    @(222.70 mm, 277.54 mm): Symbol 1553-DRV Pin 14 [2Y-, Output, Line]
[pin_not_connected]: Pin not connected
    ; error
    @(222.70 mm, 280.08 mm): Symbol 1553-DRV Pin 7 [2Y+, Output, Line]
[pin_not_connected]: Pin not connected
    ; error
    @(222.70 mm, 282.62 mm): Symbol 1553-DRV Pin 15 [1Y-, Output, Line]
[global_label_dangling]: Global label not connected anywhere else in the schematic
    ; warning
    @(352.70 mm, 78.73 mm): Global Label 'WIFI_ANT'
[pin_not_connected]: Pin not connected
    ; error
    @(222.70 mm, 285.16 mm): Symbol 1553-DRV Pin 4 [1Y+, Output, Line]
[pin_not_connected]: Pin not connected
    ; error
    @(352.70 mm, 81.27 mm): Symbol WIFI-BT Pin 10 [ANT, Bidirectional, Line]
[pin_not_connected]: Pin not connected
    ; error
    @(327.30 mm, 162.38 mm): Symbol RS485 Pin 5 [GND1, Power input, Line]
[endpoint_off_grid]: Symbol pin or wire end off connection grid
    ; warning
    @(327.30 mm, 164.92 mm): Symbol RS485 Pin 1 [RO, Output, Line]
[endpoint_off_grid]: Symbol pin or wire end off connection grid
    ; warning
    @(327.30 mm, 164.92 mm): Symbol #PWR0B5 Pin 1 [Power input, Line]
[lib_symbol_issues]: The current configuration does not include the symbol library ''
    ; warning
    @(327.30 mm, 164.92 mm): Symbol #PWR0B5 [+3V3]
[endpoint_off_grid]: Symbol pin or wire end off connection grid
    ; warning
    @(327.30 mm, 172.54 mm): Vertical Wire, length 2.54 mm
[power_pin_not_driven]: Input Power pin not driven by any Output Power pins
    ; error
    @(327.30 mm, 175.08 mm): Symbol RS485 Pin 8 [VCC1, Power input, Line]
[endpoint_off_grid]: Symbol pin or wire end off connection grid
    ; warning
    @(327.30 mm, 177.62 mm): Symbol #PWR0B6 Pin 1 [Power input, Line]
[lib_symbol_issues]: The current configuration does not include the symbol library ''
    ; warning
    @(327.30 mm, 177.62 mm): Symbol #PWR0B6 [GND]
[pin_not_connected]: Pin not connected
    ; error
    @(327.30 mm, 177.62 mm): Symbol #PWR0B6 Pin 1 [Power input, Line]
[lib_symbol_issues]: The current configuration does not include the symbol library ''
    ; warning
    @(340.00 mm, 170.00 mm): Symbol RS485 [ADM2795EBRWZ]
[endpoint_off_grid]: Symbol pin or wire end off connection grid
    ; warning
    @(349.92 mm, 167.46 mm): Vertical Wire, length 3.81 mm
[wire_dangling]: Wires not connected to anything
    ; error
    @(349.92 mm, 167.46 mm): Vertical Wire, length 3.81 mm
    @(352.70 mm, 167.46 mm): Horizontal Wire, length 2.78 mm
[endpoint_off_grid]: Symbol pin or wire end off connection grid
    ; warning
    @(349.92 mm, 168.73 mm): Symbol CMC_RS485 Pin 1 [L1A, Passive, Line]
[endpoint_off_grid]: Symbol pin or wire end off connection grid
    ; warning
    @(349.92 mm, 170.00 mm): Vertical Wire, length 1.27 mm
[endpoint_off_grid]: Symbol pin or wire end off connection grid
    ; warning
    @(352.70 mm, 164.92 mm): Symbol #PWR0B7 Pin 1 [Power input, Line]
[lib_symbol_issues]: The current configuration does not include the symbol library ''
    ; warning
    @(352.70 mm, 164.92 mm): Symbol #PWR0B7 [+3V3]
[pin_not_connected]: Pin not connected
    ; error
    @(352.70 mm, 164.92 mm): Symbol #PWR0B7 Pin 1 [Power input, Line]
[endpoint_off_grid]: Symbol pin or wire end off connection grid
    ; warning
    @(352.70 mm, 167.46 mm): Horizontal Wire, length 2.78 mm
[endpoint_off_grid]: Symbol pin or wire end off connection grid
    ; warning
    @(67.54 mm, 385.55 mm): Horizontal Wire, length 5.08 mm
[endpoint_off_grid]: Symbol pin or wire end off connection grid
    ; warning
    @(352.70 mm, 170.00 mm): Horizontal Wire, length 2.78 mm
[wire_dangling]: Wires not connected to anything
    ; error
    @(352.70 mm, 170.00 mm): Horizontal Wire, length 2.78 mm
    @(349.92 mm, 170.00 mm): Vertical Wire, length 1.27 mm
[endpoint_off_grid]: Symbol pin or wire end off connection grid
    ; warning
    @(72.62 mm, 385.55 mm): Symbol #PWR007 Pin 1 [Power input, Line]
[lib_symbol_issues]: The current configuration does not include the symbol library ''
    ; warning
    @(72.62 mm, 385.55 mm): Symbol #PWR007 [GND]
[endpoint_off_grid]: Symbol pin or wire end off connection grid
    ; warning
    @(352.70 mm, 172.54 mm): Symbol #PWR0B8 Pin 1 [Power input, Line]
[lib_symbol_issues]: The current configuration does not include the symbol library ''
    ; warning
    @(352.70 mm, 172.54 mm): Symbol #PWR0B8 [GND]
[lib_symbol_issues]: The current configuration does not include the symbol library ''
    ; warning
    @(355.00 mm, 170.00 mm): Symbol CMC_RS485 [SRF2012]
[pin_not_connected]: Pin not connected
    ; error
    @(352.70 mm, 175.08 mm): Symbol RS485 Pin 16 [VCC2, Power input, Line]
[endpoint_off_grid]: Symbol pin or wire end off connection grid
    ; warning
    @(67.54 mm, 388.09 mm): Horizontal Wire, length 5.08 mm
[endpoint_off_grid]: Symbol pin or wire end off connection grid
    ; warning
    @(72.62 mm, 388.09 mm): Symbol #PWR008 Pin 1 [Power input, Line]
[lib_symbol_issues]: The current configuration does not include the symbol library ''
    ; warning
    @(72.62 mm, 388.09 mm): Symbol #PWR008 [+5V]
[pin_not_connected]: Pin not connected
    ; error
    @(197.30 mm, 342.38 mm): Symbol TPM Pin 27 [RST_N, Input, Line]
[pin_not_connected]: Pin not connected
    ; error
    @(367.30 mm, 162.38 mm): Symbol NOR-FLASH Pin 7 [HOLD_N, Input, Line]
[endpoint_off_grid]: Symbol pin or wire end off connection grid
    ; warning
    @(360.00 mm, 178.19 mm): Symbol X2Y_RS485 Pin 1 [+, Passive, Line]
[endpoint_off_grid]: Symbol pin or wire end off connection grid
    ; warning
    @(360.00 mm, 178.19 mm): Symbol #PWR0FB1 Pin 1 [Power input, Line]
[lib_symbol_issues]: The current configuration does not include the symbol library ''
    ; warning
    @(360.00 mm, 178.19 mm): Symbol #PWR0FB1 [GND]
[lib_symbol_issues]: The current configuration does not include the symbol library ''
    ; warning
    @(360.00 mm, 182.00 mm): Symbol X2Y_RS485 [X2Y_4N7]
[pin_to_pin]: Pins of type Output and Output are connected
    ; error
    @(367.30 mm, 167.46 mm): Symbol NOR-FLASH Pin 2 [DO, Output, Line]
    @(197.30 mm, 347.46 mm): Symbol TPM Pin 23 [MISO, Output, Line]
[endpoint_off_grid]: Symbol pin or wire end off connection grid
    ; warning
    @(360.00 mm, 185.81 mm): Symbol #PWR0FB2 Pin 1 [Power input, Line]
[lib_symbol_issues]: The current configuration does not include the symbol library ''
    ; warning
    @(360.00 mm, 185.81 mm): Symbol #PWR0FB2 [GND]
[pin_not_connected]: Pin not connected
    ; error
    @(367.30 mm, 175.08 mm): Symbol NOR-FLASH Pin 1 [CS_N, Input, Line]
[pin_not_connected]: Pin not connected
    ; error
    @(367.30 mm, 177.62 mm): Symbol NOR-FLASH Pin 4 [GND, Power input, Line]
[lib_symbol_issues]: The current configuration does not include the symbol library ''
    ; warning
    @(210.00 mm, 350.00 mm): Symbol TPM [SLB9672]
[power_pin_not_driven]: Input Power pin not driven by any Output Power pins
    ; error
    @(197.30 mm, 357.62 mm): Symbol TPM Pin 1 [GND, Power input, Line]
[endpoint_off_grid]: Symbol pin or wire end off connection grid
    ; warning
    @(369.92 mm, 173.73 mm): Symbol D_RS485 Pin 1 [A1, Passive, Line]
[endpoint_off_grid]: Symbol pin or wire end off connection grid
    ; warning
    @(367.30 mm, 180.16 mm): Symbol NOR-FLASH Pin 8 [VCC, Power input, Line]
[pin_not_connected]: Pin not connected
    ; error
    @(367.30 mm, 180.16 mm): Symbol NOR-FLASH Pin 8 [VCC, Power input, Line]
[endpoint_off_grid]: Symbol pin or wire end off connection grid
    ; warning
    @(197.30 mm, 360.16 mm): Symbol TPM Pin 14 [VCC, Power input, Line]
[pin_not_connected]: Pin not connected
    ; error
    @(197.30 mm, 360.16 mm): Symbol TPM Pin 14 [VCC, Power input, Line]
[pin_not_connected]: Pin not connected
    ; error
    @(375.00 mm, 169.92 mm): Symbol D_RS485 Pin 6 [GND, Power input, Line]
[lib_symbol_issues]: The current configuration does not include the symbol library ''
    ; warning
    @(375.00 mm, 175.00 mm): Symbol D_RS485 [PRTR5V0U2X]
[endpoint_off_grid]: Symbol pin or wire end off connection grid
    ; warning
    @(375.00 mm, 180.08 mm): Symbol #PWR0F2 Pin 1 [Power input, Line]
[lib_symbol_issues]: The current configuration does not include the symbol library ''
    ; warning
    @(375.00 mm, 180.08 mm): Symbol #PWR0F2 [GND]
[pin_not_connected]: Pin not connected
    ; error
    @(375.00 mm, 180.08 mm): Symbol #PWR0F2 Pin 1 [Power input, Line]
[lib_symbol_issues]: The current configuration does not include the symbol library ''
    ; warning
    @(380.00 mm, 170.00 mm): Symbol NOR-FLASH [W25Q128JV]
[pin_not_connected]: Pin not connected
    ; error
    @(327.30 mm, 262.38 mm): Symbol 1553-RCV Pin 7 [3B, Input, Line]
[global_label_dangling]: Global label not connected anywhere else in the schematic
    ; warning
    @(327.30 mm, 264.92 mm): Global Label 'M1553_RX_P'
[pin_not_driven]: Input pin not driven by any Output pins
    ; error
    @(327.30 mm, 264.92 mm): Symbol 1553-RCV Pin 9 [3A, Input, Line]
[global_label_dangling]: Global label not connected anywhere else in the schematic
    ; warning
    @(327.30 mm, 267.46 mm): Global Label 'M1553_RX_N'
[pin_not_driven]: Input pin not driven by any Output pins
    ; error
    @(327.30 mm, 267.46 mm): Symbol 1553-RCV Pin 12 [2B, Input, Line]
[pin_not_connected]: Pin not connected
    ; error
    @(327.30 mm, 270.00 mm): Symbol 1553-RCV Pin 5 [2A, Input, Line]
[pin_not_connected]: Pin not connected
    ; error
    @(327.30 mm, 272.54 mm): Symbol 1553-RCV Pin 15 [1B, Input, Line]
[pin_not_connected]: Pin not connected
    ; error
    @(327.30 mm, 275.08 mm): Symbol 1553-RCV Pin 2 [1A, Input, Line]
[pin_not_connected]: Pin not connected
    ; error
    @(327.30 mm, 277.62 mm): Symbol 1553-RCV Pin 8 [GND, Power input, Line]
[endpoint_off_grid]: Symbol pin or wire end off connection grid
    ; warning
    @(327.30 mm, 280.16 mm): Symbol 1553-RCV Pin 16 [VCC, Power input, Line]
[pin_not_connected]: Pin not connected
    ; error
    @(327.30 mm, 280.16 mm): Symbol 1553-RCV Pin 16 [VCC, Power input, Line]
[lib_symbol_issues]: The current configuration does not include the symbol library ''
    ; warning
    @(340.00 mm, 270.00 mm): Symbol 1553-RCV [DS26LV32]
[lib_symbol_issues]: The current configuration does not include the symbol library ''
    ; warning
    @(65.00 mm, 430.00 mm): Symbol PB2-P2 [Conn_36]
[global_label_dangling]: Global label not connected anywhere else in the schematic
    ; warning
    @(267.30 mm, 347.46 mm): Global Label 'PRU_1553_TX_P'
[global_label_dangling]: Global label not connected anywhere else in the schematic
    ; warning
    @(352.70 mm, 264.92 mm): Global Label 'PRU_1553_RX_P'
[endpoint_off_grid]: Symbol pin or wire end off connection grid
    ; warning
    @(267.30 mm, 352.54 mm): Symbol 1553-XFM Pin 1 [P_TX_P, Input, Line]
[pin_not_connected]: Pin not connected
    ; error
    @(267.30 mm, 352.54 mm): Symbol 1553-XFM Pin 1 [P_TX_P, Input, Line]
[pin_not_connected]: Pin not connected
    ; error
    @(352.70 mm, 270.00 mm): Symbol 1553-RCV Pin 11 [3Y, Output, Line]
[endpoint_off_grid]: Symbol pin or wire end off connection grid
    ; warning
    @(440.00 mm, 70.00 mm): Horizontal Wire, length 10.00 mm
[pin_not_connected]: Pin not connected
    ; error
    @(352.70 mm, 272.54 mm): Symbol 1553-RCV Pin 6 [2Y, Output, Line]
[pin_not_connected]: Pin not connected
    ; error
    @(352.70 mm, 275.08 mm): Symbol 1553-RCV Pin 4 [1Y, Output, Line]
[lib_symbol_issues]: The current configuration does not include the symbol library ''
    ; warning
    @(280.00 mm, 350.00 mm): Symbol 1553-XFM [SM-1553-11]
[endpoint_off_grid]: Symbol pin or wire end off connection grid
    ; warning
    @(432.00 mm, 126.19 mm): Symbol #PWR_C35 Pin 1 [Power input, Line]
[lib_symbol_issues]: The current configuration does not include the symbol library ''
    ; warning
    @(432.00 mm, 126.19 mm): Symbol #PWR_C35 [PGND]
[pin_not_connected]: Pin not connected
    ; error
    @(432.00 mm, 126.19 mm): Symbol #PWR_C35 Pin 1 [Power input, Line]
[footprint_link_issues]: Footprint 'U.FL_Hirose_UFL-R-SMT-1_Vertical' not found in library 'Connector_Coaxial'.
    ; warning
    @(432.00 mm, 130.00 mm): Symbol J_SIK_ANT [Conn_UFL]
[lib_symbol_issues]: The current configuration does not include the symbol library ''
    ; warning
    @(432.00 mm, 130.00 mm): Symbol J_SIK_ANT [Conn_UFL]
[endpoint_off_grid]: Symbol pin or wire end off connection grid
    ; warning
    @(440.00 mm, 100.00 mm): Horizontal Wire, length 10.00 mm
[pin_not_connected]: Pin not connected
    ; error
    @(432.00 mm, 133.81 mm): Symbol J_SIK_ANT Pin 2 [GND, Passive, Line]
[global_label_dangling]: Global label not connected anywhere else in the schematic
    ; warning
    @(292.70 mm, 344.92 mm): Global Label 'BUS_1553_A_P'
[global_label_dangling]: Global label not connected anywhere else in the schematic
    ; warning
    @(292.70 mm, 347.46 mm): Global Label 'BUS_1553_A_N'
[endpoint_off_grid]: Symbol pin or wire end off connection grid
    ; warning
    @(435.81 mm, 130.00 mm): Symbol J_SIK_ANT Pin 1 [RF, Passive, Line]
[endpoint_off_grid]: Symbol pin or wire end off connection grid
    ; warning
    @(435.81 mm, 130.00 mm): Horizontal Wire, length 14.19 mm
[wire_dangling]: Wires not connected to anything
    ; error
    @(435.81 mm, 130.00 mm): Horizontal Wire, length 14.19 mm
[endpoint_off_grid]: Symbol pin or wire end off connection grid
    ; warning
    @(450.00 mm, 70.00 mm): Symbol FL_LORA Pin 1 [RF_IN, Passive, Line]
[pin_not_connected]: Pin not connected
    ; error
    @(367.30 mm, 272.38 mm): Symbol SD-WB Pin 7 [I6, Input, Line]
[pin_not_connected]: Pin not connected
    ; error
    @(292.70 mm, 355.08 mm): Symbol 1553-XFM Pin 5 [S_BUS_P, Bidirectional, Line]
[footprint_link_issues]: Footprint 'BPF_1206' not found in library 'Filter'.
    ; warning
    @(455.08 mm, 70.00 mm): Symbol FL_LORA [BPF_915]
[lib_symbol_issues]: The current configuration does not include the symbol library ''
    ; warning
    @(455.08 mm, 70.00 mm): Symbol FL_LORA [BPF_915]
[endpoint_off_grid]: Symbol pin or wire end off connection grid
    ; warning
    @(450.00 mm, 100.00 mm): Symbol FL_WIFI Pin 1 [RF_IN, Passive, Line]
[pin_not_connected]: Pin not connected
    ; error
    @(367.30 mm, 285.08 mm): Symbol SD-WB Pin 2 [I1, Input, Line]
[endpoint_off_grid]: Symbol pin or wire end off connection grid
    ; warning
    @(460.16 mm, 70.00 mm): Horizontal Wire, length 26.92 mm
[wire_dangling]: Wires not connected to anything
    ; error
    @(460.16 mm, 70.00 mm): Horizontal Wire, length 26.92 mm
[footprint_link_issues]: Footprint 'BPF_1206' not found in library 'Filter'.
    ; warning
    @(455.08 mm, 100.00 mm): Symbol FL_WIFI [BPF_2400]
[lib_symbol_issues]: The current configuration does not include the symbol library ''
    ; warning
    @(455.08 mm, 100.00 mm): Symbol FL_WIFI [BPF_2400]
[endpoint_off_grid]: Symbol pin or wire end off connection grid
    ; warning
    @(289.92 mm, 365.00 mm): Symbol D_1553 Pin 1 [A, Passive, Line]
[pin_not_connected]: Pin not connected
    ; error
    @(367.30 mm, 287.62 mm): Symbol SD-WB Pin 14 [GND, Power input, Line]
[endpoint_off_grid]: Symbol pin or wire end off connection grid
    ; warning
    @(367.30 mm, 290.16 mm): Symbol SD-WB Pin 1 [VCC, Power input, Line]
[pin_not_connected]: Pin not connected
    ; error
    @(367.30 mm, 290.16 mm): Symbol SD-WB Pin 1 [VCC, Power input, Line]
[endpoint_off_grid]: Symbol pin or wire end off connection grid
    ; warning
    @(450.00 mm, 130.00 mm): Symbol FL_SIK Pin 1 [RF_IN, Passive, Line]
[lib_symbol_issues]: The current configuration does not include the symbol library ''
    ; warning
    @(295.00 mm, 365.00 mm): Symbol D_1553 [SMAJ33CA]
[endpoint_off_grid]: Symbol pin or wire end off connection grid
    ; warning
    @(460.16 mm, 100.00 mm): Horizontal Wire, length 26.92 mm
[wire_dangling]: Wires not connected to anything
    ; error
    @(460.16 mm, 100.00 mm): Horizontal Wire, length 26.92 mm
[lib_symbol_issues]: The current configuration does not include the symbol library ''
    ; warning
    @(380.00 mm, 280.00 mm): Symbol SD-WB [ATF16V8BQL]
[endpoint_off_grid]: Symbol pin or wire end off connection grid
    ; warning
    @(300.08 mm, 365.00 mm): Symbol #PWR0F3 Pin 1 [Power input, Line]
[lib_symbol_issues]: The current configuration does not include the symbol library ''
    ; warning
    @(300.08 mm, 365.00 mm): Symbol #PWR0F3 [GND]
[footprint_link_issues]: Footprint 'BPF_1206' not found in library 'Filter'.
    ; warning
    @(455.08 mm, 130.00 mm): Symbol FL_SIK [BPF_915]
[lib_symbol_issues]: The current configuration does not include the symbol library ''
    ; warning
    @(455.08 mm, 130.00 mm): Symbol FL_SIK [BPF_915]
[pin_not_connected]: Pin not connected
    ; error
    @(472.00 mm, 70.00 mm): Symbol D_ANT_LORA Pin 2 [GND, Passive, Line]
[lib_symbol_issues]: The current configuration does not include the symbol library ''
    ; warning
    @(472.00 mm, 73.81 mm): Symbol D_ANT_LORA [RCLAMP0502B]
[global_label_dangling]: Global label not connected anywhere else in the schematic
    ; warning
    @(392.70 mm, 272.38 mm): Global Label 'SERVO6'
[endpoint_off_grid]: Symbol pin or wire end off connection grid
    ; warning
    @(460.16 mm, 130.00 mm): Horizontal Wire, length 26.92 mm
[wire_dangling]: Wires not connected to anything
    ; error
    @(460.16 mm, 130.00 mm): Horizontal Wire, length 26.92 mm
[endpoint_off_grid]: Symbol pin or wire end off connection grid
    ; warning
    @(472.00 mm, 77.62 mm): Symbol D_ANT_LORA Pin 1 [RF, Passive, Line]
[endpoint_off_grid]: Symbol pin or wire end off connection grid
    ; warning
    @(472.00 mm, 77.62 mm): Symbol #PWR_C1A0101 Pin 1 [Power input, Line]
[lib_symbol_issues]: The current configuration does not include the symbol library ''
    ; warning
    @(472.00 mm, 77.62 mm): Symbol #PWR_C1A0101 [PGND]
[power_pin_not_driven]: Input Power pin not driven by any Output Power pins
    ; error
    @(472.00 mm, 77.62 mm): Symbol #PWR_C1A0101 Pin 1 [Power input, Line]
[endpoint_off_grid]: Symbol pin or wire end off connection grid
    ; warning
    @(67.54 mm, 474.45 mm): Symbol PB2-P2 Pin 1 [P1, Passive, Line]
[pin_not_connected]: Pin not connected
    ; error
    @(392.70 mm, 277.46 mm): Symbol SD-WB Pin 13 [CLK, Input, Line]
[pin_not_connected]: Pin not connected
    ; error
    @(392.70 mm, 280.00 mm): Symbol SD-WB Pin 12 [O4, Output, Line]
[pin_not_connected]: Pin not connected
    ; error
    @(472.00 mm, 100.00 mm): Symbol D_ANT_WIFI Pin 2 [GND, Passive, Line]
[lib_symbol_issues]: The current configuration does not include the symbol library ''
    ; warning
    @(472.00 mm, 103.81 mm): Symbol D_ANT_WIFI [RCLAMP0502B]
[pin_not_connected]: Pin not connected
    ; error
    @(392.70 mm, 282.54 mm): Symbol SD-WB Pin 11 [O3, Output, Line]
[endpoint_off_grid]: Symbol pin or wire end off connection grid
    ; warning
    @(472.00 mm, 107.62 mm): Symbol D_ANT_WIFI Pin 1 [RF, Passive, Line]
[endpoint_off_grid]: Symbol pin or wire end off connection grid
    ; warning
    @(472.00 mm, 107.62 mm): Symbol #PWR_C2B0101 Pin 1 [Power input, Line]
[lib_symbol_issues]: The current configuration does not include the symbol library ''
    ; warning
    @(472.00 mm, 107.62 mm): Symbol #PWR_C2B0101 [PGND]
[pin_not_connected]: Pin not connected
    ; error
    @(392.70 mm, 285.08 mm): Symbol SD-WB Pin 10 [O2, Output, Line]
[pin_not_connected]: Pin not connected
    ; error
    @(392.70 mm, 287.62 mm): Symbol SD-WB Pin 9 [O1, Output, Line]
[pin_not_connected]: Pin not connected
    ; error
    @(472.00 mm, 130.00 mm): Symbol D_ANT_SIK Pin 2 [GND, Passive, Line]
[lib_symbol_issues]: The current configuration does not include the symbol library ''
    ; warning
    @(472.00 mm, 133.81 mm): Symbol D_ANT_SIK [RCLAMP0502B]
[endpoint_off_grid]: Symbol pin or wire end off connection grid
    ; warning
    @(472.00 mm, 137.62 mm): Symbol D_ANT_SIK Pin 1 [RF, Passive, Line]
[endpoint_off_grid]: Symbol pin or wire end off connection grid
    ; warning
    @(472.00 mm, 137.62 mm): Symbol #PWR_C40 Pin 1 [Power input, Line]
[lib_symbol_issues]: The current configuration does not include the symbol library ''
    ; warning
    @(472.00 mm, 137.62 mm): Symbol #PWR_C40 [PGND]
[endpoint_off_grid]: Symbol pin or wire end off connection grid
    ; warning
    @(487.08 mm, 70.00 mm): Symbol J_SMA_LORA Pin 1 [RF, Passive, Line]
[pin_not_connected]: Pin not connected
    ; error
    @(492.16 mm, 64.92 mm): Symbol J_SMA_LORA Pin 2 [PGND, Passive, Line]
[footprint_link_issues]: Footprint 'SMA_Vertical_Straight' not found in library 'Connector_Coaxial'.
    ; warning
    @(492.16 mm, 70.00 mm): Symbol J_SMA_LORA [Conn_SMA]
[lib_symbol_issues]: The current configuration does not include the symbol library ''
    ; warning
    @(492.16 mm, 70.00 mm): Symbol J_SMA_LORA [Conn_SMA]
[endpoint_off_grid]: Symbol pin or wire end off connection grid
    ; warning
    @(487.08 mm, 100.00 mm): Symbol J_SMA_WIFI Pin 1 [RF, Passive, Line]
[endpoint_off_grid]: Symbol pin or wire end off connection grid
    ; warning
    @(492.16 mm, 75.08 mm): Symbol #PWR_C1F0101 Pin 1 [Power input, Line]
[lib_symbol_issues]: The current configuration does not include the symbol library ''
    ; warning
    @(492.16 mm, 75.08 mm): Symbol #PWR_C1F0101 [PGND]
[pin_not_connected]: Pin not connected
    ; error
    @(492.16 mm, 75.08 mm): Symbol #PWR_C1F0101 Pin 1 [Power input, Line]
[pin_not_connected]: Pin not connected
    ; error
    @(492.16 mm, 94.92 mm): Symbol J_SMA_WIFI Pin 2 [PGND, Passive, Line]
[footprint_link_issues]: Footprint 'SMA_Vertical_Straight' not found in library 'Connector_Coaxial'.
    ; warning
    @(492.16 mm, 100.00 mm): Symbol J_SMA_WIFI [Conn_SMA]
[lib_symbol_issues]: The current configuration does not include the symbol library ''
    ; warning
    @(492.16 mm, 100.00 mm): Symbol J_SMA_WIFI [Conn_SMA]
[endpoint_off_grid]: Symbol pin or wire end off connection grid
    ; warning
    @(492.16 mm, 105.08 mm): Symbol #PWR_C30 Pin 1 [Power input, Line]
[lib_symbol_issues]: The current configuration does not include the symbol library ''
    ; warning
    @(492.16 mm, 105.08 mm): Symbol #PWR_C30 [PGND]
[pin_not_connected]: Pin not connected
    ; error
    @(492.16 mm, 105.08 mm): Symbol #PWR_C30 Pin 1 [Power input, Line]
[endpoint_off_grid]: Symbol pin or wire end off connection grid
    ; warning
    @(487.08 mm, 130.00 mm): Symbol J_SMA_SIK Pin 1 [RF, Passive, Line]
[pin_not_connected]: Pin not connected
    ; error
    @(492.16 mm, 124.92 mm): Symbol J_SMA_SIK Pin 2 [PGND, Passive, Line]
[footprint_link_issues]: Footprint 'SMA_Vertical_Straight' not found in library 'Connector_Coaxial'.
    ; warning
    @(492.16 mm, 130.00 mm): Symbol J_SMA_SIK [Conn_SMA]
[lib_symbol_issues]: The current configuration does not include the symbol library ''
    ; warning
    @(492.16 mm, 130.00 mm): Symbol J_SMA_SIK [Conn_SMA]
[endpoint_off_grid]: Symbol pin or wire end off connection grid
    ; warning
    @(492.16 mm, 135.08 mm): Symbol #PWR_C45 Pin 1 [Power input, Line]
[lib_symbol_issues]: The current configuration does not include the symbol library ''
    ; warning
    @(492.16 mm, 135.08 mm): Symbol #PWR_C45 [PGND]
[pin_not_connected]: Pin not connected
    ; error
    @(492.16 mm, 135.08 mm): Symbol #PWR_C45 Pin 1 [Power input, Line]
[pin_not_connected]: Pin not connected
    ; error
    @(267.30 mm, 448.65 mm): Symbol PWM-I2C Pin 25 [A1, Input, Line]
[pin_not_connected]: Pin not connected
    ; error
    @(367.30 mm, 372.38 mm): Symbol WINCH-DRV Pin 3 [STBY, Input, Line]
[pin_not_connected]: Pin not connected
    ; error
    @(367.30 mm, 374.92 mm): Symbol WINCH-DRV Pin 6 [BIN2, Input, Line]
[pin_not_connected]: Pin not connected
    ; error
    @(267.30 mm, 456.27 mm): Symbol PWM-I2C Pin 20 [SDA, Bidirectional, Line]
[pin_not_connected]: Pin not connected
    ; error
    @(367.30 mm, 382.54 mm): Symbol WINCH-DRV Pin 7 [AIN1, Input, Line]
[pin_not_connected]: Pin not connected
    ; error
    @(267.30 mm, 458.81 mm): Symbol PWM-I2C Pin 21 [SCL, Input, Line]
[pin_not_connected]: Pin not connected
    ; error
    @(367.30 mm, 385.08 mm): Symbol WINCH-DRV Pin 1 [VM, Power input, Line]
[global_label_dangling]: Global label not connected anywhere else in the schematic
    ; warning
    @(292.70 mm, 444.84 mm): Global Label 'PWM_CH0'
[pin_not_connected]: Pin not connected
    ; error
    @(267.30 mm, 461.35 mm): Symbol PWM-I2C Pin 2 [GND, Power input, Line]
[pin_not_connected]: Pin not connected
    ; error
    @(367.30 mm, 387.62 mm): Symbol WINCH-DRV Pin 2 [GND, Power input, Line]
[lib_symbol_issues]: The current configuration does not include the symbol library ''
    ; warning
    @(280.00 mm, 455.00 mm): Symbol PWM-I2C [PCA9685]
[endpoint_off_grid]: Symbol pin or wire end off connection grid
    ; warning
    @(35.00 mm, 533.65 mm): Symbol #PWR_J_PWR_P1 Pin 1 [Power input, Line]
[lib_symbol_issues]: The current configuration does not include the symbol library ''
    ; warning
    @(35.00 mm, 533.65 mm): Symbol #PWR_J_PWR_P1 [+5V_IN]
[pin_not_connected]: Pin not connected
    ; error
    @(35.00 mm, 533.65 mm): Symbol #PWR_J_PWR_P1 Pin 1 [Power input, Line]
[power_pin_not_driven]: Input Power pin not driven by any Output Power pins
    ; error
    @(35.00 mm, 533.65 mm): Symbol #PWR_J_PWR_P1 Pin 1 [Power input, Line]
[endpoint_off_grid]: Symbol pin or wire end off connection grid
    ; warning
    @(267.30 mm, 463.89 mm): Symbol PWM-I2C Pin 1 [VDD, Power input, Line]
[pin_not_connected]: Pin not connected
    ; error
    @(267.30 mm, 463.89 mm): Symbol PWM-I2C Pin 1 [VDD, Power input, Line]
[endpoint_off_grid]: Symbol pin or wire end off connection grid
    ; warning
    @(367.30 mm, 390.16 mm): Symbol WINCH-DRV Pin 9 [VCP, Power input, Line]
[pin_not_connected]: Pin not connected
    ; error
    @(367.30 mm, 390.16 mm): Symbol WINCH-DRV Pin 9 [VCP, Power input, Line]
[pin_not_connected]: Pin not connected
    ; error
    @(32.54 mm, 536.19 mm): Symbol J_PWR Pin 4 [Pin_4, Passive, Line]
[endpoint_off_grid]: Symbol pin or wire end off connection grid
    ; warning
    @(35.00 mm, 536.19 mm): Symbol #PWR_J_PWR_P2 Pin 1 [Power input, Line]
[lib_symbol_issues]: The current configuration does not include the symbol library ''
    ; warning
    @(35.00 mm, 536.19 mm): Symbol #PWR_J_PWR_P2 [GND]
[pin_not_connected]: Pin not connected
    ; error
    @(35.00 mm, 536.19 mm): Symbol #PWR_J_PWR_P2 Pin 1 [Power input, Line]
[lib_symbol_issues]: The current configuration does not include the symbol library ''
    ; warning
    @(380.00 mm, 380.00 mm): Symbol WINCH-DRV [DRV8833]
[pin_not_connected]: Pin not connected
    ; error
    @(32.54 mm, 538.73 mm): Symbol J_PWR Pin 3 [Pin_3, Passive, Line]
[endpoint_off_grid]: Symbol pin or wire end off connection grid
    ; warning
    @(35.00 mm, 538.73 mm): Symbol #PWR_J_PWR_P3 Pin 1 [Power input, Line]
[lib_symbol_issues]: The current configuration does not include the symbol library ''
    ; warning
    @(35.00 mm, 538.73 mm): Symbol #PWR_J_PWR_P3 [GND]
[pin_not_connected]: Pin not connected
    ; error
    @(35.00 mm, 538.73 mm): Symbol #PWR_J_PWR_P3 Pin 1 [Power input, Line]
[lib_symbol_issues]: The current configuration does not include the symbol library ''
    ; warning
    @(30.00 mm, 540.00 mm): Symbol J_PWR [Conn_JST_GH_04P]
[pin_not_connected]: Pin not connected
    ; error
    @(292.70 mm, 455.00 mm): Symbol PWM-I2C Pin 8 [PWM4, Output, Line]
[global_label_dangling]: Global label not connected anywhere else in the schematic
    ; warning
    @(392.70 mm, 373.65 mm): Global Label 'WINCH_OUT1'
[pin_not_connected]: Pin not connected
    ; error
    @(32.54 mm, 541.27 mm): Symbol J_PWR Pin 2 [Pin_2, Passive, Line]
[endpoint_off_grid]: Symbol pin or wire end off connection grid
    ; warning
    @(35.00 mm, 541.27 mm): Symbol #PWR_J_PWR_MP0101 Pin 1 [Power input, Line]
[lib_symbol_issues]: The current configuration does not include the symbol library ''
    ; warning
    @(35.00 mm, 541.27 mm): Symbol #PWR_J_PWR_MP0101 [PGND]
[pin_not_connected]: Pin not connected
    ; error
    @(35.00 mm, 541.27 mm): Symbol #PWR_J_PWR_MP0101 Pin 1 [Power input, Line]
[pin_not_connected]: Pin not connected
    ; error
    @(292.70 mm, 457.54 mm): Symbol PWM-I2C Pin 7 [PWM3, Output, Line]
[pin_not_connected]: Pin not connected
    ; error
    @(82.54 mm, 537.46 mm): Symbol J_CAN Pin 3 [Pin_3, Passive, Line]
[global_label_dangling]: Global label not connected anywhere else in the schematic
    ; warning
    @(392.70 mm, 376.19 mm): Global Label 'WINCH_OUT2'
[global_label_dangling]: Global label not connected anywhere else in the schematic
    ; warning
    @(85.00 mm, 537.46 mm): Global Label 'CAN_B_H'
[endpoint_off_grid]: Symbol pin or wire end off connection grid
    ; warning
    @(32.54 mm, 543.81 mm): Symbol J_PWR Pin 1 [Pin_1, Passive, Line]
[pin_not_connected]: Pin not connected
    ; error
    @(32.54 mm, 543.81 mm): Symbol J_PWR Pin 1 [Pin_1, Passive, Line]
[endpoint_off_grid]: Symbol pin or wire end off connection grid
    ; warning
    @(35.00 mm, 543.81 mm): Symbol #PWR_J_PWR_P4 Pin 1 [Power input, Line]
[lib_symbol_issues]: The current configuration does not include the symbol library ''
    ; warning
    @(35.00 mm, 543.81 mm): Symbol #PWR_J_PWR_P4 [+5V_IN]
[pin_not_connected]: Pin not connected
    ; error
    @(35.00 mm, 543.81 mm): Symbol #PWR_J_PWR_P4 Pin 1 [Power input, Line]
[pin_not_connected]: Pin not connected
    ; error
    @(292.70 mm, 460.08 mm): Symbol PWM-I2C Pin 6 [PWM2, Output, Line]
[pin_not_connected]: Pin not connected
    ; error
    @(392.70 mm, 378.73 mm): Symbol WINCH-DRV Pin 13 [BOUT2, Output, Line]
[lib_symbol_issues]: The current configuration does not include the symbol library ''
    ; warning
    @(80.00 mm, 540.00 mm): Symbol J_CAN [Conn_JST_GH_03P]
[pin_not_connected]: Pin not connected
    ; error
    @(82.54 mm, 540.00 mm): Symbol J_CAN Pin 2 [Pin_2, Passive, Line]
[global_label_dangling]: Global label not connected anywhere else in the schematic
    ; warning
    @(85.00 mm, 540.00 mm): Global Label 'CAN_B_L'
[pin_not_connected]: Pin not connected
    ; error
    @(392.70 mm, 381.27 mm): Symbol WINCH-DRV Pin 12 [BOUT1, Output, Line]
[pin_not_connected]: Pin not connected
    ; error
    @(292.70 mm, 462.62 mm): Symbol PWM-I2C Pin 5 [PWM1, Output, Line]
[pin_not_connected]: Pin not connected
    ; error
    @(30.00 mm, 547.62 mm): Symbol J_PWR Pin MP [MP, Passive, Line]
[endpoint_off_grid]: Symbol pin or wire end off connection grid
    ; warning
    @(82.54 mm, 542.54 mm): Symbol J_CAN Pin 1 [Pin_1, Passive, Line]
[pin_not_connected]: Pin not connected
    ; error
    @(82.54 mm, 542.54 mm): Symbol J_CAN Pin 1 [Pin_1, Passive, Line]
[pin_not_connected]: Pin not connected
    ; error
    @(392.70 mm, 383.81 mm): Symbol WINCH-DRV Pin 11 [AOUT2, Output, Line]
[endpoint_off_grid]: Symbol pin or wire end off connection grid
    ; warning
    @(85.00 mm, 542.54 mm): Symbol #PWR_J_CAN_P3 Pin 1 [Power input, Line]
[lib_symbol_issues]: The current configuration does not include the symbol library ''
    ; warning
    @(85.00 mm, 542.54 mm): Symbol #PWR_J_CAN_P3 [GND]
[pin_not_connected]: Pin not connected
    ; error
    @(85.00 mm, 542.54 mm): Symbol #PWR_J_CAN_P3 Pin 1 [Power input, Line]
[pin_not_connected]: Pin not connected
    ; error
    @(292.70 mm, 465.16 mm): Symbol PWM-I2C Pin 4 [PWM0, Output, Line]
[pin_not_connected]: Pin not connected
    ; error
    @(392.70 mm, 386.35 mm): Symbol WINCH-DRV Pin 10 [AOUT1, Output, Line]
[endpoint_off_grid]: Symbol pin or wire end off connection grid
    ; warning
    @(85.00 mm, 545.08 mm): Symbol #PWR_J_CAN_MP0101 Pin 1 [Power input, Line]
[lib_symbol_issues]: The current configuration does not include the symbol library ''
    ; warning
    @(85.00 mm, 545.08 mm): Symbol #PWR_J_CAN_MP0101 [PGND]
[pin_not_connected]: Pin not connected
    ; error
    @(85.00 mm, 545.08 mm): Symbol #PWR_J_CAN_MP0101 Pin 1 [Power input, Line]
[pin_not_connected]: Pin not connected
    ; error
    @(80.00 mm, 546.35 mm): Symbol J_CAN Pin MP [MP, Passive, Line]
[pin_not_connected]: Pin not connected
    ; error
    @(132.54 mm, 537.46 mm): Symbol J_485 Pin 3 [Pin_3, Passive, Line]
[global_label_dangling]: Global label not connected anywhere else in the schematic
    ; warning
    @(135.00 mm, 537.46 mm): Global Label 'RS485_B_P'
[lib_symbol_issues]: The current configuration does not include the symbol library ''
    ; warning
    @(130.00 mm, 540.00 mm): Symbol J_485 [Conn_JST_GH_03P]
[pin_not_connected]: Pin not connected
    ; error
    @(132.54 mm, 540.00 mm): Symbol J_485 Pin 2 [Pin_2, Passive, Line]
[global_label_dangling]: Global label not connected anywhere else in the schematic
    ; warning
    @(135.00 mm, 540.00 mm): Global Label 'RS485_B_N'
[endpoint_off_grid]: Symbol pin or wire end off connection grid
    ; warning
    @(132.54 mm, 542.54 mm): Symbol J_485 Pin 1 [Pin_1, Passive, Line]
[pin_not_connected]: Pin not connected
    ; error
    @(132.54 mm, 542.54 mm): Symbol J_485 Pin 1 [Pin_1, Passive, Line]
[endpoint_off_grid]: Symbol pin or wire end off connection grid
    ; warning
    @(135.00 mm, 542.54 mm): Symbol #PWR_J_485_P3 Pin 1 [Power input, Line]
[lib_symbol_issues]: The current configuration does not include the symbol library ''
    ; warning
    @(135.00 mm, 542.54 mm): Symbol #PWR_J_485_P3 [GND]
[pin_not_connected]: Pin not connected
    ; error
    @(135.00 mm, 542.54 mm): Symbol #PWR_J_485_P3 Pin 1 [Power input, Line]
[endpoint_off_grid]: Symbol pin or wire end off connection grid
    ; warning
    @(135.00 mm, 545.08 mm): Symbol #PWR_J_485_MP0101 Pin 1 [Power input, Line]
[lib_symbol_issues]: The current configuration does not include the symbol library ''
    ; warning
    @(135.00 mm, 545.08 mm): Symbol #PWR_J_485_MP0101 [PGND]
[pin_not_connected]: Pin not connected
    ; error
    @(135.00 mm, 545.08 mm): Symbol #PWR_J_485_MP0101 Pin 1 [Power input, Line]
[pin_not_connected]: Pin not connected
    ; error
    @(130.00 mm, 546.35 mm): Symbol J_485 Pin MP [MP, Passive, Line]
[endpoint_off_grid]: Symbol pin or wire end off connection grid
    ; warning
    @(102.54 mm, 553.65 mm): Symbol #PWR0B501 Pin 1 [Power input, Line]
[endpoint_off_grid]: Symbol pin or wire end off connection grid
    ; warning
    @(102.54 mm, 553.65 mm): Symbol #PWR0B0104 Pin 1 [Power input, Line]
[lib_symbol_issues]: The current configuration does not include the symbol library ''
    ; warning
    @(102.54 mm, 553.65 mm): Symbol #PWR0B501 [GND]
[lib_symbol_issues]: The current configuration does not include the symbol library ''
    ; warning
    @(102.54 mm, 553.65 mm): Symbol #PWR0B0104 [GND]
[endpoint_off_grid]: Symbol pin or wire end off connection grid
    ; warning
    @(102.54 mm, 556.19 mm): Symbol #PWR0B0103 Pin 1 [Power input, Line]
[endpoint_off_grid]: Symbol pin or wire end off connection grid
    ; warning
    @(102.54 mm, 556.19 mm): Symbol #PWR0B502 Pin 1 [Power input, Line]
[lib_symbol_issues]: The current configuration does not include the symbol library ''
    ; warning
    @(102.54 mm, 556.19 mm): Symbol #PWR0B0103 [+5V]
[lib_symbol_issues]: The current configuration does not include the symbol library ''
    ; warning
    @(102.54 mm, 556.19 mm): Symbol #PWR0B502 [+5V]
[power_pin_not_driven]: Input Power pin not driven by any Output Power pins
    ; error
    @(102.54 mm, 556.19 mm): Symbol #PWR0B0103 Pin 1 [Power input, Line]
[pin_not_connected]: Pin not connected
    ; error
    @(182.54 mm, 536.19 mm): Symbol J_1553 Pin 4 [Pin_4, Passive, Line]
[global_label_dangling]: Global label not connected anywhere else in the schematic
    ; warning
    @(185.00 mm, 536.19 mm): Global Label 'BUS_1553_B_P'
[pin_not_connected]: Pin not connected
    ; error
    @(182.54 mm, 538.73 mm): Symbol J_1553 Pin 3 [Pin_3, Passive, Line]
[lib_symbol_issues]: The current configuration does not include the symbol library ''
    ; warning
    @(100.00 mm, 560.00 mm): Symbol J_XCVR [Conn_JST_GH_06P]
[lib_symbol_issues]: The current configuration does not include the symbol library ''
    ; warning
    @(100.00 mm, 560.00 mm): Symbol J_XCVR [Conn_JST_GH_06P]
[lib_symbol_issues]: The current configuration does not include the symbol library ''
    ; warning
    @(180.00 mm, 540.00 mm): Symbol J_1553 [Conn_JST_GH_04P]
[global_label_dangling]: Global label not connected anywhere else in the schematic
    ; warning
    @(185.00 mm, 538.73 mm): Global Label 'BUS_1553_B_N'
[pin_not_connected]: Pin not connected
    ; error
    @(182.54 mm, 541.27 mm): Symbol J_1553 Pin 2 [Pin_2, Passive, Line]
[endpoint_off_grid]: Symbol pin or wire end off connection grid
    ; warning
    @(185.00 mm, 541.27 mm): Symbol #PWR_J_1553_P3 Pin 1 [Power input, Line]
[lib_symbol_issues]: The current configuration does not include the symbol library ''
    ; warning
    @(185.00 mm, 541.27 mm): Symbol #PWR_J_1553_P3 [GND]
[pin_not_connected]: Pin not connected
    ; error
    @(185.00 mm, 541.27 mm): Symbol #PWR_J_1553_P3 Pin 1 [Power input, Line]
[pin_not_connected]: Pin not connected
    ; error
    @(138.00 mm, 556.19 mm): Symbol D_XCVR_TVS Pin 6 [GND, Power input, Line]
[endpoint_off_grid]: Symbol pin or wire end off connection grid
    ; warning
    @(182.54 mm, 543.81 mm): Symbol J_1553 Pin 1 [Pin_1, Passive, Line]
[pin_not_connected]: Pin not connected
    ; error
    @(182.54 mm, 543.81 mm): Symbol J_1553 Pin 1 [Pin_1, Passive, Line]
[endpoint_off_grid]: Symbol pin or wire end off connection grid
    ; warning
    @(185.00 mm, 543.81 mm): Symbol #PWR_J_1553_P4 Pin 1 [Power input, Line]
[lib_symbol_issues]: The current configuration does not include the symbol library ''
    ; warning
    @(185.00 mm, 543.81 mm): Symbol #PWR_J_1553_P4 [PGND]
[pin_not_connected]: Pin not connected
    ; error
    @(185.00 mm, 543.81 mm): Symbol #PWR_J_1553_P4 Pin 1 [Power input, Line]
[endpoint_off_grid]: Symbol pin or wire end off connection grid
    ; warning
    @(102.54 mm, 566.35 mm): Symbol J_XCVR Pin 1 [Pin_1, Passive, Line]
[endpoint_off_grid]: Symbol pin or wire end off connection grid
    ; warning
    @(102.54 mm, 566.35 mm): Symbol J_XCVR Pin 1 [Pin_1, Passive, Line]
[endpoint_off_grid]: Symbol pin or wire end off connection grid
    ; warning
    @(102.54 mm, 566.35 mm): Symbol #PWR0B503 Pin 1 [Power input, Line]
[endpoint_off_grid]: Symbol pin or wire end off connection grid
    ; warning
    @(102.54 mm, 566.35 mm): Symbol #PWR0B0105 Pin 1 [Power input, Line]
[lib_symbol_issues]: The current configuration does not include the symbol library ''
    ; warning
    @(102.54 mm, 566.35 mm): Symbol #PWR0B503 [+3V3]
[lib_symbol_issues]: The current configuration does not include the symbol library ''
    ; warning
    @(102.54 mm, 566.35 mm): Symbol #PWR0B0105 [+3V3]
[endpoint_off_grid]: Symbol pin or wire end off connection grid
    ; warning
    @(132.92 mm, 560.00 mm): Symbol D_XCVR_TVS Pin 1 [A1, Passive, Line]
[pin_not_connected]: Pin not connected
    ; error
    @(180.00 mm, 547.62 mm): Symbol J_1553 Pin MP [MP, Passive, Line]
[endpoint_off_grid]: Symbol pin or wire end off connection grid
    ; warning
    @(185.00 mm, 546.35 mm): Symbol #PWR_J_1553_MP0101 Pin 1 [Power input, Line]
[lib_symbol_issues]: The current configuration does not include the symbol library ''
    ; warning
    @(185.00 mm, 546.35 mm): Symbol #PWR_J_1553_MP0101 [PGND]
[pin_not_connected]: Pin not connected
    ; error
    @(185.00 mm, 546.35 mm): Symbol #PWR_J_1553_MP0101 Pin 1 [Power input, Line]
[lib_symbol_issues]: The current configuration does not include the symbol library ''
    ; warning
    @(138.00 mm, 561.27 mm): Symbol D_XCVR_TVS [PRTR5V0U2X]
[endpoint_off_grid]: Symbol pin or wire end off connection grid
    ; warning
    @(143.08 mm, 561.27 mm): Symbol #PWR0FC1 Pin 1 [Power input, Line]
[lib_symbol_issues]: The current configuration does not include the symbol library ''
    ; warning
    @(143.08 mm, 561.27 mm): Symbol #PWR0FC1 [GND]
[pin_not_connected]: Pin not connected
    ; error
    @(367.30 mm, 449.92 mm): Symbol LOAD-ADC Pin 7 [INB-, Input, Line]
[pin_not_connected]: Pin not connected
    ; error
    @(367.30 mm, 452.46 mm): Symbol LOAD-ADC Pin 6 [INB+, Input, Line]
[pin_not_connected]: Pin not connected
    ; error
    @(367.30 mm, 455.00 mm): Symbol LOAD-ADC Pin 3 [INA-, Input, Line]
[endpoint_off_grid]: Symbol pin or wire end off connection grid
    ; warning
    @(165.00 mm, 562.92 mm): Symbol #PWR0B0101 Pin 1 [Power input, Line]
[endpoint_off_grid]: Symbol pin or wire end off connection grid
    ; warning
    @(165.00 mm, 562.92 mm): Symbol #PWR0B504 Pin 1 [Power input, Line]
[lib_symbol_issues]: The current configuration does not include the symbol library ''
    ; warning
    @(165.00 mm, 562.92 mm): Symbol #PWR0B0101 [+3V3]
[lib_symbol_issues]: The current configuration does not include the symbol library ''
    ; warning
    @(165.00 mm, 562.92 mm): Symbol #PWR0B504 [+3V3]
[pin_not_connected]: Pin not connected
    ; error
    @(367.30 mm, 457.54 mm): Symbol LOAD-ADC Pin 2 [INA+, Input, Line]
[pin_not_connected]: Pin not connected
    ; error
    @(367.30 mm, 460.08 mm): Symbol LOAD-ADC Pin 4 [GND, Power input, Line]
[endpoint_off_grid]: Symbol pin or wire end off connection grid
    ; warning
    @(157.38 mm, 568.00 mm): Symbol U_SBUS_B Pin 1 [A, Input, Line]
[endpoint_off_grid]: Symbol pin or wire end off connection grid
    ; warning
    @(157.38 mm, 568.00 mm): Symbol U_SBUS_B Pin 1 [A, Input, Line]
[endpoint_off_grid]: Symbol pin or wire end off connection grid
    ; warning
    @(367.30 mm, 462.62 mm): Symbol LOAD-ADC Pin 1 [AVDD, Power input, Line]
[pin_not_connected]: Pin not connected
    ; error
    @(367.30 mm, 462.62 mm): Symbol LOAD-ADC Pin 1 [AVDD, Power input, Line]
[lib_symbol_issues]: The current configuration does not include the symbol library ''
    ; warning
    @(165.00 mm, 568.00 mm): Symbol U_SBUS_B [74LVC1G14]
[lib_symbol_issues]: The current configuration does not include the symbol library ''
    ; warning
    @(165.00 mm, 568.00 mm): Symbol U_SBUS_B [74LVC1G14]
[lib_symbol_issues]: The current configuration does not include the symbol library ''
    ; warning
    @(380.00 mm, 455.00 mm): Symbol LOAD-ADC [HX711]
[pin_to_pin]: Pins of type Output and Output are connected
    ; error
    @(172.62 mm, 568.00 mm): Symbol U_SBUS_B Pin 4 [Y, Output, Line]
    @(172.62 mm, 568.00 mm): Symbol U_SBUS_B Pin 4 [Y, Output, Line]
[endpoint_off_grid]: Symbol pin or wire end off connection grid
    ; warning
    @(165.00 mm, 573.08 mm): Symbol #PWR0B505 Pin 1 [Power input, Line]
[endpoint_off_grid]: Symbol pin or wire end off connection grid
    ; warning
    @(165.00 mm, 573.08 mm): Symbol #PWR0B0102 Pin 1 [Power input, Line]
[lib_symbol_issues]: The current configuration does not include the symbol library ''
    ; warning
    @(165.00 mm, 573.08 mm): Symbol #PWR0B505 [GND]
[lib_symbol_issues]: The current configuration does not include the symbol library ''
    ; warning
    @(165.00 mm, 573.08 mm): Symbol #PWR0B0102 [GND]
[global_label_dangling]: Global label not connected anywhere else in the schematic
    ; warning
    @(392.70 mm, 451.19 mm): Global Label 'LOAD_CELL_DOUT'
[pin_not_connected]: Pin not connected
    ; error
    @(392.70 mm, 456.27 mm): Symbol LOAD-ADC Pin 15 [SCK, Input, Line]
[pin_not_connected]: Pin not connected
    ; error
    @(392.70 mm, 458.81 mm): Symbol LOAD-ADC Pin 14 [DOUT, Output, Line]
[endpoint_off_grid]: Symbol pin or wire end off connection grid
    ; warning
    @(227.38 mm, 564.54 mm): Symbol SW1 Pin 1 [COM1, Passive, Line]
[endpoint_off_grid]: Symbol pin or wire end off connection grid
    ; warning
    @(227.38 mm, 564.54 mm): Symbol SW1 Pin 1 [COM1, Passive, Line]
[lib_symbol_issues]: The current configuration does not include the symbol library ''
    ; warning
    @(235.00 mm, 562.00 mm): Symbol SW1 [SW_DIP_x02]
[lib_symbol_issues]: The current configuration does not include the symbol library ''
    ; warning
    @(235.00 mm, 562.00 mm): Symbol SW1 [SW_DIP_x02]
[endpoint_off_grid]: Symbol pin or wire end off connection grid
    ; warning
    @(242.62 mm, 559.46 mm): Horizontal Wire, length 21.57 mm
[endpoint_off_grid]: Symbol pin or wire end off connection grid
    ; warning
    @(242.62 mm, 559.46 mm): Horizontal Wire, length 21.57 mm
[wire_dangling]: Wires not connected to anything
    ; error
    @(242.62 mm, 559.46 mm): Horizontal Wire, length 21.57 mm
    @(242.62 mm, 559.46 mm): Horizontal Wire, length 21.57 mm
[endpoint_off_grid]: Symbol pin or wire end off connection grid
    ; warning
    @(242.62 mm, 564.54 mm): Horizontal Wire, length 21.57 mm
[endpoint_off_grid]: Symbol pin or wire end off connection grid
    ; warning
    @(242.62 mm, 564.54 mm): Horizontal Wire, length 21.57 mm
[wire_dangling]: Wires not connected to anything
    ; error
    @(242.62 mm, 564.54 mm): Horizontal Wire, length 21.57 mm
    @(242.62 mm, 564.54 mm): Horizontal Wire, length 21.57 mm
[endpoint_off_grid]: Symbol pin or wire end off connection grid
    ; warning
    @(264.19 mm, 559.46 mm): Symbol R_XCVR_RX Pin 1 [Passive, Line]
[endpoint_off_grid]: Symbol pin or wire end off connection grid
    ; warning
    @(264.19 mm, 559.46 mm): Symbol R_XCVR_RX Pin 1 [Passive, Line]
[lib_symbol_issues]: The current configuration does not include the symbol library ''
    ; warning
    @(268.00 mm, 559.46 mm): Symbol R_XCVR_RX [R_SMD]
[lib_symbol_issues]: The current configuration does not include the symbol library ''
    ; warning
    @(268.00 mm, 559.46 mm): Symbol R_XCVR_RX [R_SMD]
[endpoint_off_grid]: Symbol pin or wire end off connection grid
    ; warning
    @(264.19 mm, 564.54 mm): Symbol R_SBUS_RX Pin 1 [Passive, Line]
[endpoint_off_grid]: Symbol pin or wire end off connection grid
    ; warning
    @(264.19 mm, 564.54 mm): Symbol R_SBUS_RX Pin 1 [Passive, Line]
[lib_symbol_issues]: The current configuration does not include the symbol library ''
    ; warning
    @(268.00 mm, 564.54 mm): Symbol R_SBUS_RX [R_SMD]
[lib_symbol_issues]: The current configuration does not include the symbol library ''
    ; warning
    @(268.00 mm, 564.54 mm): Symbol R_SBUS_RX [R_SMD]
[endpoint_off_grid]: Symbol pin or wire end off connection grid
    ; warning
    @(250.00 mm, 671.38 mm): Symbol #PWR_ETH_J_GND1 Pin 1 [Power input, Line]
[lib_symbol_issues]: The current configuration does not include the symbol library ''
    ; warning
    @(250.00 mm, 671.38 mm): Symbol #PWR_ETH_J_GND1 [GND]
[pin_not_connected]: Pin not connected
    ; error
    @(250.00 mm, 671.38 mm): Symbol #PWR_ETH_J_GND1 Pin 1 [Power input, Line]
[global_label_dangling]: Global label not connected anywhere else in the schematic
    ; warning
    @(252.54 mm, 673.65 mm): Global Label 'ETHB_TX_P'
[global_label_dangling]: Global label not connected anywhere else in the schematic
    ; warning
    @(252.54 mm, 676.19 mm): Global Label 'ETHB_TX_N'
[global_label_dangling]: Global label not connected anywhere else in the schematic
    ; warning
    @(252.54 mm, 678.73 mm): Global Label 'ETHB_RX_P'
[lib_symbol_issues]: The current configuration does not include the symbol library ''
    ; warning
    @(250.00 mm, 680.00 mm): Symbol J_ETH_B [Conn_JST_GH_06P]
[global_label_dangling]: Global label not connected anywhere else in the schematic
    ; warning
    @(252.54 mm, 681.27 mm): Global Label 'ETHB_RX_N'
[pin_not_connected]: Pin not connected
    ; error
    @(290.00 mm, 667.92 mm): Symbol TVS_ETHB_TX Pin 6 [GND, Power input, Line]
[endpoint_off_grid]: Symbol pin or wire end off connection grid
    ; warning
    @(264.92 mm, 678.73 mm): Symbol CM_ETH_B Pin 1 [L1A, Passive, Line]
[pin_not_connected]: Pin not connected
    ; error
    @(264.92 mm, 678.73 mm): Symbol CM_ETH_B Pin 1 [L1A, Passive, Line]
[pin_not_connected]: Pin not connected
    ; error
    @(252.54 mm, 683.81 mm): Symbol J_ETH_B Pin 2 [Pin_2, Passive, Line]
[endpoint_off_grid]: Symbol pin or wire end off connection grid
    ; warning
    @(284.92 mm, 671.73 mm): Symbol TVS_ETHB_TX Pin 1 [A1, Passive, Line]
[pin_not_connected]: Pin not connected
    ; error
    @(284.92 mm, 671.73 mm): Symbol TVS_ETHB_TX Pin 1 [A1, Passive, Line]
[pin_not_connected]: Pin not connected
    ; error
    @(264.92 mm, 681.27 mm): Symbol CM_ETH_B Pin 2 [L2A, Passive, Line]
[endpoint_off_grid]: Symbol pin or wire end off connection grid
    ; warning
    @(252.54 mm, 686.35 mm): Symbol J_ETH_B Pin 1 [Pin_1, Passive, Line]
[pin_not_connected]: Pin not connected
    ; error
    @(252.54 mm, 686.35 mm): Symbol J_ETH_B Pin 1 [Pin_1, Passive, Line]
[lib_symbol_issues]: The current configuration does not include the symbol library ''
    ; warning
    @(270.00 mm, 680.00 mm): Symbol CM_ETH_B [SRF2012]
[global_label_dangling]: Global label not connected anywhere else in the schematic
    ; warning
    @(342.38 mm, 646.98 mm): Global Label 'RMIB_RXD1'
[pin_not_connected]: Pin not connected
    ; error
    @(284.92 mm, 674.27 mm): Symbol TVS_ETHB_TX Pin 2 [A2, Passive, Line]
[pin_not_connected]: Pin not connected
    ; error
    @(275.08 mm, 678.73 mm): Symbol CM_ETH_B Pin 3 [L1B, Passive, Line]
[lib_symbol_issues]: The current configuration does not include the symbol library ''
    ; warning
    @(290.00 mm, 673.00 mm): Symbol TVS_ETHB_TX [PRTR5V0U2X]
[endpoint_off_grid]: Symbol pin or wire end off connection grid
    ; warning
    @(250.00 mm, 688.89 mm): Symbol #PWR_ETH_J_GND6 Pin 1 [Power input, Line]
[lib_symbol_issues]: The current configuration does not include the symbol library ''
    ; warning
    @(250.00 mm, 688.89 mm): Symbol #PWR_ETH_J_GND6 [GND]
[pin_not_connected]: Pin not connected
    ; error
    @(250.00 mm, 688.89 mm): Symbol #PWR_ETH_J_GND6 Pin 1 [Power input, Line]
[endpoint_off_grid]: Symbol pin or wire end off connection grid
    ; warning
    @(248.92 mm, 690.17 mm): Symbol #PWR_ETH_J_SHLD0101 Pin 1 [Power input, Line]
[lib_symbol_issues]: The current configuration does not include the symbol library ''
    ; warning
    @(248.92 mm, 690.17 mm): Symbol #PWR_ETH_J_SHLD0101 [PGND]
[pin_not_connected]: Pin not connected
    ; error
    @(248.92 mm, 690.17 mm): Symbol #PWR_ETH_J_SHLD0101 Pin 1 [Power input, Line]
[global_label_dangling]: Global label not connected anywhere else in the schematic
    ; warning
    @(342.38 mm, 649.52 mm): Global Label 'RMIB_RXD0'
[pin_not_connected]: Pin not connected
    ; error
    @(275.08 mm, 681.27 mm): Symbol CM_ETH_B Pin 4 [L2B, Passive, Line]
[pin_not_connected]: Pin not connected
    ; error
    @(295.08 mm, 673.00 mm): Symbol TVS_ETHB_TX Pin 3 [K, Passive, Line]
[global_label_dangling]: Global label not connected anywhere else in the schematic
    ; warning
    @(342.38 mm, 652.06 mm): Global Label 'ETH_INT_N_B'
[endpoint_off_grid]: Symbol pin or wire end off connection grid
    ; warning
    @(290.00 mm, 678.08 mm): Symbol #PWR_TVS_TX_GND0101 Pin 1 [Power input, Line]
[lib_symbol_issues]: The current configuration does not include the symbol library ''
    ; warning
    @(290.00 mm, 678.08 mm): Symbol #PWR_TVS_TX_GND0101 [GND]
[pin_not_connected]: Pin not connected
    ; error
    @(290.00 mm, 678.08 mm): Symbol #PWR_TVS_TX_GND0101 Pin 1 [Power input, Line]
[endpoint_off_grid]: Symbol pin or wire end off connection grid
    ; warning
    @(307.38 mm, 671.11 mm): Symbol HX1188_B Pin 1 [T1_P, Passive, Line]
[pin_not_connected]: Pin not connected
    ; error
    @(307.38 mm, 671.11 mm): Symbol HX1188_B Pin 1 [T1_P, Passive, Line]
[global_label_dangling]: Global label not connected anywhere else in the schematic
    ; warning
    @(342.38 mm, 654.60 mm): Global Label 'ETH_RESET_N_B'
[endpoint_off_grid]: Symbol pin or wire end off connection grid
    ; warning
    @(315.00 mm, 669.84 mm): Symbol #PWR_HX_CT_T0101 Pin 1 [Power input, Line]
[lib_symbol_issues]: The current configuration does not include the symbol library ''
    ; warning
    @(315.00 mm, 669.84 mm): Symbol #PWR_HX_CT_T0101 [GND]
[pin_not_connected]: Pin not connected
    ; error
    @(315.00 mm, 669.84 mm): Symbol #PWR_HX_CT_T0101 Pin 1 [Power input, Line]
[pin_not_connected]: Pin not connected
    ; error
    @(307.38 mm, 673.65 mm): Symbol HX1188_B Pin 2 [T1_N, Passive, Line]
[global_label_dangling]: Global label not connected anywhere else in the schematic
    ; warning
    @(342.38 mm, 657.14 mm): Global Label 'ETH_MDIO_B'
[pin_not_connected]: Pin not connected
    ; error
    @(290.00 mm, 681.92 mm): Symbol TVS_ETHB_RX Pin 6 [GND, Power input, Line]
[endpoint_off_grid]: Symbol pin or wire end off connection grid
    ; warning
    @(284.92 mm, 685.73 mm): Symbol TVS_ETHB_RX Pin 1 [A1, Passive, Line]
[pin_not_connected]: Pin not connected
    ; error
    @(284.92 mm, 685.73 mm): Symbol TVS_ETHB_RX Pin 1 [A1, Passive, Line]
[pin_not_connected]: Pin not connected
    ; error
    @(307.38 mm, 676.19 mm): Symbol HX1188_B Pin 3 [CT_T, Passive, Line]
[global_label_dangling]: Global label not connected anywhere else in the schematic
    ; warning
    @(342.38 mm, 659.68 mm): Global Label 'ETH_MDC_B'
[pin_not_connected]: Pin not connected
    ; error
    @(322.62 mm, 671.11 mm): Symbol HX1188_B Pin 9 [T2_P, Passive, Line]
[pin_not_connected]: Pin not connected
    ; error
    @(284.92 mm, 688.27 mm): Symbol TVS_ETHB_RX Pin 2 [A2, Passive, Line]
[global_label_dangling]: Global label not connected anywhere else in the schematic
    ; warning
    @(342.38 mm, 662.22 mm): Global Label 'RMIB_REFCLK'
[lib_symbol_issues]: The current configuration does not include the symbol library ''
    ; warning
    @(290.00 mm, 687.00 mm): Symbol TVS_ETHB_RX [PRTR5V0U2X]
[pin_not_connected]: Pin not connected
    ; error
    @(322.62 mm, 673.65 mm): Symbol HX1188_B Pin 10 [T2_N, Passive, Line]
[pin_not_connected]: Pin not connected
    ; error
    @(307.38 mm, 681.27 mm): Symbol HX1188_B Pin 5 [R1_P, Passive, Line]
[pin_not_connected]: Pin not connected
    ; error
    @(295.08 mm, 687.00 mm): Symbol TVS_ETHB_RX Pin 3 [K, Passive, Line]
[global_label_dangling]: Global label not connected anywhere else in the schematic
    ; warning
    @(342.38 mm, 664.76 mm): Global Label 'RMIB_TXEN'
[pin_not_connected]: Pin not connected
    ; error
    @(322.62 mm, 676.19 mm): Symbol HX1188_B Pin 11 [CT_T2, Passive, Line]
[lib_symbol_issues]: The current configuration does not include the symbol library ''
    ; warning
    @(315.00 mm, 680.00 mm): Symbol HX1188_B [HX1188NL]
[pin_not_connected]: Pin not connected
    ; error
    @(307.38 mm, 683.81 mm): Symbol HX1188_B Pin 6 [R1_N, Passive, Line]
[global_label_dangling]: Global label not connected anywhere else in the schematic
    ; warning
    @(342.38 mm, 667.30 mm): Global Label 'RMIB_TXD1'
[endpoint_off_grid]: Symbol pin or wire end off connection grid
    ; warning
    @(290.00 mm, 692.08 mm): Symbol #PWR_TVS_RX_GND0101 Pin 1 [Power input, Line]
[lib_symbol_issues]: The current configuration does not include the symbol library ''
    ; warning
    @(290.00 mm, 692.08 mm): Symbol #PWR_TVS_RX_GND0101 [GND]
[pin_not_connected]: Pin not connected
    ; error
    @(290.00 mm, 692.08 mm): Symbol #PWR_TVS_RX_GND0101 Pin 1 [Power input, Line]
[endpoint_off_grid]: Symbol pin or wire end off connection grid
    ; warning
    @(342.38 mm, 669.84 mm): Symbol ETH_PHY_B Pin 1 [TXD0, Input, Line]
[global_label_dangling]: Global label not connected anywhere else in the schematic
    ; warning
    @(342.38 mm, 669.84 mm): Global Label 'RMIB_TXD0'
[pin_not_driven]: Input pin not driven by any Output pins
    ; error
    @(342.38 mm, 669.84 mm): Symbol ETH_PHY_B Pin 1 [TXD0, Input, Line]
[pin_not_connected]: Pin not connected
    ; error
    @(322.62 mm, 681.27 mm): Symbol HX1188_B Pin 13 [R2_P, Passive, Line]
[pin_not_connected]: Pin not connected
    ; error
    @(307.38 mm, 688.89 mm): Symbol HX1188_B Pin 8 [CT_R, Passive, Line]
[pin_not_connected]: Pin not connected
    ; error
    @(342.38 mm, 672.38 mm): Symbol ETH_PHY_B Pin 2 [TXD1, Input, Line]
[pin_not_connected]: Pin not connected
    ; error
    @(322.62 mm, 683.81 mm): Symbol HX1188_B Pin 14 [R2_N, Passive, Line]
[pin_not_connected]: Pin not connected
    ; error
    @(342.38 mm, 674.92 mm): Symbol ETH_PHY_B Pin 3 [TX_EN, Input, Line]
[global_label_dangling]: Global label not connected anywhere else in the schematic
    ; warning
    @(357.62 mm, 667.30 mm): Global Label 'RMIB_RXER'
[endpoint_off_grid]: Symbol pin or wire end off connection grid
    ; warning
    @(315.00 mm, 690.16 mm): Symbol #PWR_HX_CT_R0101 Pin 1 [Power input, Line]
[lib_symbol_issues]: The current configuration does not include the symbol library ''
    ; warning
    @(315.00 mm, 690.16 mm): Symbol #PWR_HX_CT_R0101 [GND]
[pin_not_connected]: Pin not connected
    ; error
    @(315.00 mm, 690.16 mm): Symbol #PWR_HX_CT_R0101 Pin 1 [Power input, Line]
[pin_not_connected]: Pin not connected
    ; error
    @(342.38 mm, 677.46 mm): Symbol ETH_PHY_B Pin 4 [REFCLK, Input, Line]
[global_label_dangling]: Global label not connected anywhere else in the schematic
    ; warning
    @(357.62 mm, 669.84 mm): Global Label 'RMIB_CRSDV'
[pin_not_connected]: Pin not connected
    ; error
    @(322.62 mm, 688.89 mm): Symbol HX1188_B Pin 16 [CT_R2, Passive, Line]
[pin_not_connected]: Pin not connected
    ; error
    @(342.38 mm, 680.00 mm): Symbol ETH_PHY_B Pin 5 [MDC, Input, Line]
[pin_not_connected]: Pin not connected
    ; error
    @(357.62 mm, 672.38 mm): Symbol ETH_PHY_B Pin 12 [RX_ER, Output, Line]
[pin_not_connected]: Pin not connected
    ; error
    @(342.38 mm, 682.54 mm): Symbol ETH_PHY_B Pin 6 [MDIO, Bidirectional, Line]
[pin_not_connected]: Pin not connected
    ; error
    @(357.62 mm, 674.92 mm): Symbol ETH_PHY_B Pin 13 [TD_P, Output, Line]
[lib_symbol_issues]: The current configuration does not include the symbol library ''
    ; warning
    @(350.00 mm, 680.00 mm): Symbol ETH_PHY_B [DP83825I]
[pin_not_connected]: Pin not connected
    ; error
    @(342.38 mm, 685.08 mm): Symbol ETH_PHY_B Pin 7 [RESET_N, Input, Line]
[pin_not_connected]: Pin not connected
    ; error
    @(357.62 mm, 677.46 mm): Symbol ETH_PHY_B Pin 14 [TD_N, Output, Line]
[pin_not_connected]: Pin not connected
    ; error
    @(342.38 mm, 687.62 mm): Symbol ETH_PHY_B Pin 8 [INT_N, Output, Line]
[pin_not_connected]: Pin not connected
    ; error
    @(357.62 mm, 680.00 mm): Symbol ETH_PHY_B Pin 15 [RD_P, Input, Line]
[endpoint_off_grid]: Symbol pin or wire end off connection grid
    ; warning
    @(375.00 mm, 671.00 mm): Symbol #PWR_TPS_EN0101 Pin 1 [Power input, Line]
[lib_symbol_issues]: The current configuration does not include the symbol library ''
    ; warning
    @(375.00 mm, 671.00 mm): Symbol #PWR_TPS_EN0101 [+3V3]
[pin_not_connected]: Pin not connected
    ; error
    @(375.00 mm, 671.00 mm): Symbol #PWR_TPS_EN0101 Pin 1 [Power input, Line]
[endpoint_off_grid]: Symbol pin or wire end off connection grid
    ; warning
    @(368.65 mm, 676.19 mm): Symbol U_ETH_B_1V8 Pin 1 [EN, Input, Line]
[pin_not_connected]: Pin not connected
    ; error
    @(368.65 mm, 676.19 mm): Symbol U_ETH_B_1V8 Pin 1 [EN, Input, Line]
[pin_not_connected]: Pin not connected
    ; error
    @(342.38 mm, 690.16 mm): Symbol ETH_PHY_B Pin 9 [RXD0, Output, Line]
[endpoint_off_grid]: Symbol pin or wire end off connection grid
    ; warning
    @(375.00 mm, 673.00 mm): Symbol #PWR_TPS_VIN0101 Pin 1 [Power input, Line]
[lib_symbol_issues]: The current configuration does not include the symbol library ''
    ; warning
    @(375.00 mm, 673.00 mm): Symbol #PWR_TPS_VIN0101 [+3V3]
[pin_not_connected]: Pin not connected
    ; error
    @(375.00 mm, 673.00 mm): Symbol #PWR_TPS_VIN0101 Pin 1 [Power input, Line]
[pin_not_connected]: Pin not connected
    ; error
    @(357.62 mm, 682.54 mm): Symbol ETH_PHY_B Pin 16 [RD_N, Input, Line]
[pin_not_connected]: Pin not connected
    ; error
    @(368.65 mm, 678.73 mm): Symbol U_ETH_B_1V8 Pin 2 [VIN, Power input, Line]
[pin_not_connected]: Pin not connected
    ; error
    @(342.38 mm, 692.70 mm): Symbol ETH_PHY_B Pin 10 [RXD1, Output, Line]
[pin_not_connected]: Pin not connected
    ; error
    @(357.62 mm, 685.08 mm): Symbol ETH_PHY_B Pin 17 [IOVDD, Power input, Line]
[pin_not_connected]: Pin not connected
    ; error
    @(368.65 mm, 681.27 mm): Symbol U_ETH_B_1V8 Pin 3 [GND, Power input, Line]
[pin_not_connected]: Pin not connected
    ; error
    @(357.62 mm, 687.62 mm): Symbol ETH_PHY_B Pin 18 [AVDD, Power input, Line]
[pin_not_connected]: Pin not connected
    ; error
    @(381.35 mm, 676.19 mm): Symbol U_ETH_B_1V8 Pin 8 [GND, Power input, Line]
[lib_symbol_issues]: The current configuration does not include the symbol library ''
    ; warning
    @(375.00 mm, 680.00 mm): Symbol U_ETH_B_1V8 [TPS62933]
[pin_not_connected]: Pin not connected
    ; error
    @(368.65 mm, 683.81 mm): Symbol U_ETH_B_1V8 Pin 4 [FB, Input, Line]
[pin_not_connected]: Pin not connected
    ; error
    @(357.62 mm, 690.16 mm): Symbol ETH_PHY_B Pin 19 [DVDD, Power input, Line]
[pin_not_connected]: Pin not connected
    ; error
    @(381.35 mm, 678.73 mm): Symbol U_ETH_B_1V8 Pin 7 [VOUT, Power output, Line]
[pin_not_connected]: Pin not connected
    ; error
    @(357.62 mm, 692.70 mm): Symbol ETH_PHY_B Pin 20 [RBIAS, Passive, Line]
[pin_not_connected]: Pin not connected
    ; error
    @(381.35 mm, 681.27 mm): Symbol U_ETH_B_1V8 Pin 6 [SW, Output, Line]
[endpoint_off_grid]: Symbol pin or wire end off connection grid
    ; warning
    @(375.00 mm, 685.00 mm): Symbol #PWR_TPS_GND0101 Pin 1 [Power input, Line]
[lib_symbol_issues]: The current configuration does not include the symbol library ''
    ; warning
    @(375.00 mm, 685.00 mm): Symbol #PWR_TPS_GND0101 [GND]
[pin_not_connected]: Pin not connected
    ; error
    @(375.00 mm, 685.00 mm): Symbol #PWR_TPS_GND0101 Pin 1 [Power input, Line]
[endpoint_off_grid]: Symbol pin or wire end off connection grid
    ; warning
    @(357.62 mm, 695.00 mm): Symbol #PWR_ETH_IOVDD0101 Pin 1 [Power input, Line]
[lib_symbol_issues]: The current configuration does not include the symbol library ''
    ; warning
    @(357.62 mm, 695.00 mm): Symbol #PWR_ETH_IOVDD0101 [+3V3]
[pin_not_connected]: Pin not connected
    ; error
    @(357.62 mm, 695.00 mm): Symbol #PWR_ETH_IOVDD0101 Pin 1 [Power input, Line]
[endpoint_off_grid]: Symbol pin or wire end off connection grid
    ; warning
    @(375.00 mm, 687.00 mm): Symbol #PWR_TPS_VOUT0101 Pin 1 [Power input, Line]
[lib_symbol_issues]: The current configuration does not include the symbol library ''
    ; warning
    @(375.00 mm, 687.00 mm): Symbol #PWR_TPS_VOUT0101 [+1V8_ETH_B]
[pin_not_connected]: Pin not connected
    ; error
    @(375.00 mm, 687.00 mm): Symbol #PWR_TPS_VOUT0101 Pin 1 [Power input, Line]
[pin_not_connected]: Pin not connected
    ; error
    @(381.35 mm, 683.81 mm): Symbol U_ETH_B_1V8 Pin 5 [GND, Power input, Line]
[endpoint_off_grid]: Symbol pin or wire end off connection grid
    ; warning
    @(357.62 mm, 697.54 mm): Symbol #PWR_ETH_AVDD0101 Pin 1 [Power input, Line]
[lib_symbol_issues]: The current configuration does not include the symbol library ''
    ; warning
    @(357.62 mm, 697.54 mm): Symbol #PWR_ETH_AVDD0101 [+1V8_ETH_B]
[pin_not_connected]: Pin not connected
    ; error
    @(357.62 mm, 697.54 mm): Symbol #PWR_ETH_AVDD0101 Pin 1 [Power input, Line]
[power_pin_not_driven]: Input Power pin not driven by any Output Power pins
    ; error
    @(357.62 mm, 697.54 mm): Symbol #PWR_ETH_AVDD0101 Pin 1 [Power input, Line]
[endpoint_off_grid]: Symbol pin or wire end off connection grid
    ; warning
    @(348.73 mm, 702.62 mm): Symbol R_RBIAS_B Pin 1 [Passive, Line]
[pin_not_connected]: Pin not connected
    ; error
    @(348.73 mm, 702.62 mm): Symbol R_RBIAS_B Pin 1 [Passive, Line]
[endpoint_off_grid]: Symbol pin or wire end off connection grid
    ; warning
    @(350.00 mm, 702.62 mm): Symbol #PWR_ETH_GND_BIAS0101 Pin 1 [Power input, Line]
[lib_symbol_issues]: The current configuration does not include the symbol library ''
    ; warning
    @(350.00 mm, 702.62 mm): Symbol #PWR_ETH_GND_BIAS0101 [GND]
[pin_not_connected]: Pin not connected
    ; error
    @(350.00 mm, 702.62 mm): Symbol #PWR_ETH_GND_BIAS0101 Pin 1 [Power input, Line]
[lib_symbol_issues]: The current configuration does not include the symbol library ''
    ; warning
    @(352.54 mm, 702.62 mm): Symbol R_RBIAS_B [R_SMD]
[endpoint_off_grid]: Symbol pin or wire end off connection grid
    ; warning
    @(357.62 mm, 700.08 mm): Symbol #PWR_ETH_DVDD0101 Pin 1 [Power input, Line]
[lib_symbol_issues]: The current configuration does not include the symbol library ''
    ; warning
    @(357.62 mm, 700.08 mm): Symbol #PWR_ETH_DVDD0101 [+1V8_ETH_B]
[pin_not_connected]: Pin not connected
    ; error
    @(357.62 mm, 700.08 mm): Symbol #PWR_ETH_DVDD0101 Pin 1 [Power input, Line]
[pin_not_connected]: Pin not connected
    ; error
    @(356.35 mm, 702.62 mm): Symbol R_RBIAS_B Pin 2 [Passive, Line]

 ** ERC messages: 564  Errors 234  Warnings 330
