2026-07-28 07:43:02.625 INFO   Freerouting v2.2.4 (build-date: 2026-05-13)
2026-07-28 07:43:02.758 WARN   Couldn't get screen resolution. If you are running in a headless environment, disable the GUI by setting gui.enabled to false.
2026-07-28 07:43:04.600 INFO   New version available: v2.2.4
2026-07-28 07:43:04.657 INFO   [DA8766\540F34] Job 'DA8766\540F34' started at 2026-07-28T11:43:04.656410896Z.
2026-07-28 07:43:30.371 INFO   [DA8766\540F34] Auto-router pass #1 on board '76cb984a1c1fe3d3d89235232c0a88ec' was completed in 25.29 seconds with the score of 742.40 (85 unrouted), using 21.08 CPU seconds and the job allocated 7.37 GB of memory so far.
2026-07-28 07:43:53.633 INFO   [DA8766\540F34] Auto-router pass #2 on board 'ade0a2497669b224f77da7b8b51b48c7' was completed in 23.17 seconds with the score of 789.53 (75 unrouted), using 40.14 CPU seconds and the job allocated 15.31 GB of memory so far.
2026-07-28 07:44:11.752 INFO   [DA8766\540F34] Auto-router pass #3 on board 'c60faf384fda9f4c2b92b3fb98146fad' was completed in 18.06 seconds with the score of 821.84 (67 unrouted), using 57.73 CPU seconds and the job allocated 23.36 GB of memory so far.
2026-07-28 07:44:27.592 INFO   [DA8766\540F34] Auto-router pass #4 on board 'e9999a22c6c988e8e36e6826f3fffc2a' was completed in 15.79 seconds with the score of 816.67 (70 unrouted), using 72.24 CPU seconds and the job allocated 31.26 GB of memory so far.
2026-07-28 07:44:58.247 INFO   [DA8766\540F34] Auto-router pass #5 on board '8f503bf4ca9e33a73ede9bf4b26c8ab1' was completed in 30.62 seconds with the score of 837.41 (64 unrouted), using 99.35 CPU seconds and the job allocated 42.86 GB of memory so far.
2026-07-28 07:45:17.715 INFO   [DA8766\540F34] Auto-router pass #6 on board '13228dd0fa7bdc159c0ba35e5e14f1a9' was completed in 19.42 seconds with the score of 841.72 (63 unrouted), using 117.03 CPU seconds and the job allocated 51.65 GB of memory so far.
2026-07-28 07:45:43.270 INFO   [DA8766\540F34] Auto-router pass #7 on board '1a2f1c1d88741ccb11820c19ca2d8d71' was completed in 25.42 seconds with the score of 844.36 (62 unrouted), using 140.23 CPU seconds and the job allocated 61.92 GB of memory so far.
2026-07-28 07:46:01.377 INFO   [DA8766\540F34] Auto-router pass #8 on board 'dc1f68b65a72bc49bbf46d0296dd209b' was completed in 18.07 seconds with the score of 864.87 (56 unrouted), using 157.84 CPU seconds and the job allocated 71.78 GB of memory so far.
2026-07-28 07:46:21.635 INFO   [DA8766\540F34] Auto-router pass #9 on board '04ea422869ead26010d41b3b116f55ef' was completed in 20.22 seconds with the score of 850.62 (60 unrouted), using 177.46 CPU seconds and the job allocated 82.93 GB of memory so far.
2026-07-28 07:46:41.187 INFO   [DA8766\540F34] Auto-router pass #10 on board 'c727f93f20bacf1fe471cb1bac550a48' was completed in 19.52 seconds with the score of 881.08 (52 unrouted), using 197.15 CPU seconds and the job allocated 94.34 GB of memory so far.
2026-07-28 07:46:59.853 INFO   [DA8766\540F34] Auto-router pass #11 on board '37928f3bda70e8cdb039e737f2012ebe' was completed in 18.63 seconds with the score of 852.16 (60 unrouted), using 214.83 CPU seconds and the job allocated 104.82 GB of memory so far.
2026-07-28 07:47:23.241 INFO   [DA8766\540F34] Auto-router pass #12 on board '37928f3bda70e8cdb039e737f2012ebe' was completed in 0.00 seconds with the score of 881.08 (52 unrouted), using 238.45 CPU seconds and the job allocated 118.46 GB of memory so far.
2026-07-28 07:47:42.309 INFO   [DA8766\540F34] Auto-router pass #13 on board '37928f3bda70e8cdb039e737f2012ebe' was completed in 19.02 seconds with the score of 852.71 (60 unrouted), using 257.00 CPU seconds and the job allocated 129.13 GB of memory so far.
2026-07-28 07:48:10.552 INFO   [DA8766\540F34] Auto-router pass #14 on board 'e5226620f8cf6e44e2063f37bd5b462f' was completed in 28.21 seconds with the score of 883.68 (51 unrouted), using 282.81 CPU seconds and the job allocated 141.23 GB of memory so far.
2026-07-28 07:48:35.671 INFO   [DA8766\540F34] Auto-router pass #15 on board '29edc314c860efd9d4ae4c22e5ac3908' was completed in 25.08 seconds with the score of 863.55 (57 unrouted), using 307.30 CPU seconds and the job allocated 153.89 GB of memory so far.
2026-07-28 07:48:59.340 INFO   [DA8766\540F34] Auto-router pass #16 on board '29edc314c860efd9d4ae4c22e5ac3908' was completed in 0.00 seconds with the score of 883.68 (51 unrouted), using 330.67 CPU seconds and the job allocated 166.26 GB of memory so far.
2026-07-28 07:49:24.923 INFO   [DA8766\540F34] Auto-router pass #17 on board '29edc314c860efd9d4ae4c22e5ac3908' was completed in 25.55 seconds with the score of 874.65 (54 unrouted), using 355.08 CPU seconds and the job allocated 178.93 GB of memory so far.
2026-07-28 07:49:50.504 INFO   [DA8766\540F34] Auto-router pass #18 on board '828f005f6f9760b58fefa3478c5aa926' was completed in 25.54 seconds with the score of 882.89 (51 unrouted), using 380.56 CPU seconds and the job allocated 192.31 GB of memory so far.
2026-07-28 07:50:16.784 INFO   [DA8766\540F34] Auto-router pass #19 on board '9f2d70d1739d1ab9b3aa5a99dad2f3f0' was completed in 26.24 seconds with the score of 878.11 (54 unrouted), using 406.11 CPU seconds and the job allocated 206.04 GB of memory so far.
2026-07-28 07:50:56.584 INFO   [DA8766\540F34] Auto-router pass #20 on board '29edc314c860efd9d4ae4c22e5ac3908' was completed in 0.00 seconds with the score of 883.68 (51 unrouted), using 442.72 CPU seconds and the job allocated 220.95 GB of memory so far.
2026-07-28 07:50:56.653 INFO   [DA8766\540F34] Auto-router session completed: started with 158 unrouted nets, completed in 7 minutes 51.74 seconds, final score: 883.68 (51 unrouted), using 442.72 total CPU seconds, 220.95 GB total allocated, and 1182.42 MB peak heap usage.
